Archive member included to satisfy reference by file (symbol)

c:/st/stm32cubeide_1.0.1/stm32cubeide/plugins/com.st.stm32cube.ide.mcu.externaltools.gnu-tools-for-stm32.7-2018-q2-update.win32_1.0.0.201904181610/tools/bin/../lib/gcc/arm-none-eabi/7.3.1/../../../../arm-none-eabi/lib/thumb/v7-m\libc_nano.a(lib_a-errno.o)
                              Src/syscalls.o (__errno)
c:/st/stm32cubeide_1.0.1/stm32cubeide/plugins/com.st.stm32cube.ide.mcu.externaltools.gnu-tools-for-stm32.7-2018-q2-update.win32_1.0.0.201904181610/tools/bin/../lib/gcc/arm-none-eabi/7.3.1/../../../../arm-none-eabi/lib/thumb/v7-m\libc_nano.a(lib_a-exit.o)
                              c:/st/stm32cubeide_1.0.1/stm32cubeide/plugins/com.st.stm32cube.ide.mcu.externaltools.gnu-tools-for-stm32.7-2018-q2-update.win32_1.0.0.201904181610/tools/bin/../lib/gcc/arm-none-eabi/7.3.1/../../../../arm-none-eabi/lib/thumb/v7-m/crt0.o (exit)
c:/st/stm32cubeide_1.0.1/stm32cubeide/plugins/com.st.stm32cube.ide.mcu.externaltools.gnu-tools-for-stm32.7-2018-q2-update.win32_1.0.0.201904181610/tools/bin/../lib/gcc/arm-none-eabi/7.3.1/../../../../arm-none-eabi/lib/thumb/v7-m\libc_nano.a(lib_a-impure.o)
                              c:/st/stm32cubeide_1.0.1/stm32cubeide/plugins/com.st.stm32cube.ide.mcu.externaltools.gnu-tools-for-stm32.7-2018-q2-update.win32_1.0.0.201904181610/tools/bin/../lib/gcc/arm-none-eabi/7.3.1/../../../../arm-none-eabi/lib/thumb/v7-m\libc_nano.a(lib_a-exit.o) (_global_impure_ptr)
c:/st/stm32cubeide_1.0.1/stm32cubeide/plugins/com.st.stm32cube.ide.mcu.externaltools.gnu-tools-for-stm32.7-2018-q2-update.win32_1.0.0.201904181610/tools/bin/../lib/gcc/arm-none-eabi/7.3.1/../../../../arm-none-eabi/lib/thumb/v7-m\libc_nano.a(lib_a-init.o)
                              c:/st/stm32cubeide_1.0.1/stm32cubeide/plugins/com.st.stm32cube.ide.mcu.externaltools.gnu-tools-for-stm32.7-2018-q2-update.win32_1.0.0.201904181610/tools/bin/../lib/gcc/arm-none-eabi/7.3.1/../../../../arm-none-eabi/lib/thumb/v7-m/crt0.o (__libc_init_array)
c:/st/stm32cubeide_1.0.1/stm32cubeide/plugins/com.st.stm32cube.ide.mcu.externaltools.gnu-tools-for-stm32.7-2018-q2-update.win32_1.0.0.201904181610/tools/bin/../lib/gcc/arm-none-eabi/7.3.1/../../../../arm-none-eabi/lib/thumb/v7-m\libc_nano.a(lib_a-memset.o)
                              c:/st/stm32cubeide_1.0.1/stm32cubeide/plugins/com.st.stm32cube.ide.mcu.externaltools.gnu-tools-for-stm32.7-2018-q2-update.win32_1.0.0.201904181610/tools/bin/../lib/gcc/arm-none-eabi/7.3.1/../../../../arm-none-eabi/lib/thumb/v7-m/crt0.o (memset)
c:/st/stm32cubeide_1.0.1/stm32cubeide/plugins/com.st.stm32cube.ide.mcu.externaltools.gnu-tools-for-stm32.7-2018-q2-update.win32_1.0.0.201904181610/tools/bin/../lib/gcc/arm-none-eabi/7.3.1/../../../../arm-none-eabi/lib/thumb/v7-m\libc_nano.a(lib_a-nano-vfprintf_float.o)
                              (_printf_float)
c:/st/stm32cubeide_1.0.1/stm32cubeide/plugins/com.st.stm32cube.ide.mcu.externaltools.gnu-tools-for-stm32.7-2018-q2-update.win32_1.0.0.201904181610/tools/bin/../lib/gcc/arm-none-eabi/7.3.1/../../../../arm-none-eabi/lib/thumb/v7-m\libc_nano.a(lib_a-nano-vfprintf_i.o)
                              c:/st/stm32cubeide_1.0.1/stm32cubeide/plugins/com.st.stm32cube.ide.mcu.externaltools.gnu-tools-for-stm32.7-2018-q2-update.win32_1.0.0.201904181610/tools/bin/../lib/gcc/arm-none-eabi/7.3.1/../../../../arm-none-eabi/lib/thumb/v7-m\libc_nano.a(lib_a-nano-vfprintf_float.o) (_printf_common)
c:/st/stm32cubeide_1.0.1/stm32cubeide/plugins/com.st.stm32cube.ide.mcu.externaltools.gnu-tools-for-stm32.7-2018-q2-update.win32_1.0.0.201904181610/tools/bin/../lib/gcc/arm-none-eabi/7.3.1/../../../../arm-none-eabi/lib/thumb/v7-m\libc_nano.a(lib_a-rand.o)
                              Src/main.o (rand)
c:/st/stm32cubeide_1.0.1/stm32cubeide/plugins/com.st.stm32cube.ide.mcu.externaltools.gnu-tools-for-stm32.7-2018-q2-update.win32_1.0.0.201904181610/tools/bin/../lib/gcc/arm-none-eabi/7.3.1/../../../../arm-none-eabi/lib/thumb/v7-m\libc_nano.a(lib_a-sprintf.o)
                              Src/main.o (sprintf)
c:/st/stm32cubeide_1.0.1/stm32cubeide/plugins/com.st.stm32cube.ide.mcu.externaltools.gnu-tools-for-stm32.7-2018-q2-update.win32_1.0.0.201904181610/tools/bin/../lib/gcc/arm-none-eabi/7.3.1/../../../../arm-none-eabi/lib/thumb/v7-m\libc_nano.a(lib_a-strlen.o)
                              Src/fonts.o (strlen)
c:/st/stm32cubeide_1.0.1/stm32cubeide/plugins/com.st.stm32cube.ide.mcu.externaltools.gnu-tools-for-stm32.7-2018-q2-update.win32_1.0.0.201904181610/tools/bin/../lib/gcc/arm-none-eabi/7.3.1/../../../../arm-none-eabi/lib/thumb/v7-m\libc_nano.a(lib_a-dtoa.o)
                              c:/st/stm32cubeide_1.0.1/stm32cubeide/plugins/com.st.stm32cube.ide.mcu.externaltools.gnu-tools-for-stm32.7-2018-q2-update.win32_1.0.0.201904181610/tools/bin/../lib/gcc/arm-none-eabi/7.3.1/../../../../arm-none-eabi/lib/thumb/v7-m\libc_nano.a(lib_a-nano-vfprintf_float.o) (_dtoa_r)
[...]
Memory Configuration

Name             Origin             Length             Attributes
FLASH            0x0000000008000000 0x0000000000010000 xr
RAM              0x0000000020000000 0x0000000000005000 xrw
*default*        0x0000000000000000 0xffffffffffffffff

Linker script and memory map

LOAD c:/st/stm32cubeide_1.0.1/stm32cubeide/plugins/com.st.stm32cube.ide.mcu.externaltools.gnu-tools-for-stm32.7-2018-q2-update.win32_1.0.0.201904181610/tools/bin/../lib/gcc/arm-none-eabi/7.3.1/thumb/v7-m/crti.o
LOAD c:/st/stm32cubeide_1.0.1/stm32cubeide/plugins/com.st.stm32cube.ide.mcu.externaltools.gnu-tools-for-stm32.7-2018-q2-update.win32_1.0.0.201904181610/tools/bin/../lib/gcc/arm-none-eabi/7.3.1/thumb/v7-m/crtbegin.o
LOAD c:/st/stm32cubeide_1.0.1/stm32cubeide/plugins/com.st.stm32cube.ide.mcu.externaltools.gnu-tools-for-stm32.7-2018-q2-update.win32_1.0.0.201904181610/tools/bin/../lib/gcc/arm-none-eabi/7.3.1/../../../../arm-none-eabi/lib/thumb/v7-m/crt0.o
LOAD Drivers/STM32F1xx_HAL_Driver/Src/stm32f1xx_hal.o
LOAD Drivers/STM32F1xx_HAL_Driver/Src/stm32f1xx_hal_adc.o
LOAD Drivers/STM32F1xx_HAL_Driver/Src/stm32f1xx_hal_adc_ex.o
LOAD Drivers/STM32F1xx_HAL_Driver/Src/stm32f1xx_hal_cortex.o
LOAD Drivers/STM32F1xx_HAL_Driver/Src/stm32f1xx_hal_dma.o
LOAD Drivers/STM32F1xx_HAL_Driver/Src/stm32f1xx_hal_exti.o
LOAD Drivers/STM32F1xx_HAL_Driver/Src/stm32f1xx_hal_flash.o
LOAD Drivers/STM32F1xx_HAL_Driver/Src/stm32f1xx_hal_flash_ex.o
LOAD Drivers/STM32F1xx_HAL_Driver/Src/stm32f1xx_hal_gpio.o
LOAD Drivers/STM32F1xx_HAL_Driver/Src/stm32f1xx_hal_gpio_ex.o
LOAD Drivers/STM32F1xx_HAL_Driver/Src/stm32f1xx_hal_i2c.o
LOAD Drivers/STM32F1xx_HAL_Driver/Src/stm32f1xx_hal_pcd.o
LOAD Drivers/STM32F1xx_HAL_Driver/Src/stm32f1xx_hal_pcd_ex.o
LOAD Drivers/STM32F1xx_HAL_Driver/Src/stm32f1xx_hal_pwr.o
LOAD Drivers/STM32F1xx_HAL_Driver/Src/stm32f1xx_hal_rcc.o
LOAD Drivers/STM32F1xx_HAL_Driver/Src/stm32f1xx_hal_rcc_ex.o
LOAD Drivers/STM32F1xx_HAL_Driver/Src/stm32f1xx_hal_spi.o
LOAD Drivers/STM32F1xx_HAL_Driver/Src/stm32f1xx_hal_tim.o
LOAD Drivers/STM32F1xx_HAL_Driver/Src/stm32f1xx_hal_tim_ex.o
LOAD Drivers/STM32F1xx_HAL_Driver/Src/stm32f1xx_ll_usb.o
LOAD Middlewares/ST/STM32_USB_Device_Library/Class/CDC/Src/usbd_cdc.o
LOAD Middlewares/ST/STM32_USB_Device_Library/Core/Src/usbd_core.o
LOAD Middlewares/ST/STM32_USB_Device_Library/Core/Src/usbd_ctlreq.o
LOAD Middlewares/ST/STM32_USB_Device_Library/Core/Src/usbd_ioreq.o
LOAD Src/eeprom.o
LOAD Src/fonts.o
LOAD Src/main.o
LOAD Src/ssd1306.o
LOAD Src/stm32f1xx_hal_msp.o
LOAD Src/stm32f1xx_it.o
LOAD Src/syscalls.o
LOAD Src/sysmem.o
LOAD Src/system_stm32f1xx.o
LOAD Src/usb_device.o
LOAD Src/usbd_cdc_if.o
LOAD Src/usbd_conf.o
LOAD Src/usbd_desc.o
LOAD Startup/startup_stm32f103c8tx.o
START GROUP
LOAD c:/st/stm32cubeide_1.0.1/stm32cubeide/plugins/com.st.stm32cube.ide.mcu.externaltools.gnu-tools-for-stm32.7-2018-q2-update.win32_1.0.0.201904181610/tools/bin/../lib/gcc/arm-none-eabi/7.3.1/../../../../arm-none-eabi/lib/thumb/v7-m\libc_nano.a
LOAD c:/st/stm32cubeide_1.0.1/stm32cubeide/plugins/com.st.stm32cube.ide.mcu.externaltools.gnu-tools-for-stm32.7-2018-q2-update.win32_1.0.0.201904181610/tools/bin/../lib/gcc/arm-none-eabi/7.3.1/../../../../arm-none-eabi/lib/thumb/v7-m\libm.a
END GROUP
START GROUP
LOAD c:/st/stm32cubeide_1.0.1/stm32cubeide/plugins/com.st.stm32cube.ide.mcu.externaltools.gnu-tools-for-stm32.7-2018-q2-update.win32_1.0.0.201904181610/tools/bin/../lib/gcc/arm-none-eabi/7.3.1/thumb/v7-m\libgcc.a
LOAD c:/st/stm32cubeide_1.0.1/stm32cubeide/plugins/com.st.stm32cube.ide.mcu.externaltools.gnu-tools-for-stm32.7-2018-q2-update.win32_1.0.0.201904181610/tools/bin/../lib/gcc/arm-none-eabi/7.3.1/../../../../arm-none-eabi/lib/thumb/v7-m\libc_nano.a
END GROUP
START GROUP
LOAD c:/st/stm32cubeide_1.0.1/stm32cubeide/plugins/com.st.stm32cube.ide.mcu.externaltools.gnu-tools-for-stm32.7-2018-q2-update.win32_1.0.0.201904181610/tools/bin/../lib/gcc/arm-none-eabi/7.3.1/thumb/v7-m\libgcc.a
LOAD c:/st/stm32cubeide_1.0.1/stm32cubeide/plugins/com.st.stm32cube.ide.mcu.externaltools.gnu-tools-for-stm32.7-2018-q2-update.win32_1.0.0.201904181610/tools/bin/../lib/gcc/arm-none-eabi/7.3.1/../../../../arm-none-eabi/lib/thumb/v7-m\libc_nano.a
LOAD c:/st/stm32cubeide_1.0.1/stm32cubeide/plugins/com.st.stm32cube.ide.mcu.externaltools.gnu-tools-for-stm32.7-2018-q2-update.win32_1.0.0.201904181610/tools/bin/../lib/gcc/arm-none-eabi/7.3.1/../../../../arm-none-eabi/lib/thumb/v7-m\libnosys.a
END GROUP
START GROUP
LOAD c:/st/stm32cubeide_1.0.1/stm32cubeide/plugins/com.st.stm32cube.ide.mcu.externaltools.gnu-tools-for-stm32.7-2018-q2-update.win32_1.0.0.201904181610/tools/bin/../lib/gcc/arm-none-eabi/7.3.1/thumb/v7-m\libgcc.a
LOAD c:/st/stm32cubeide_1.0.1/stm32cubeide/plugins/com.st.stm32cube.ide.mcu.externaltools.gnu-tools-for-stm32.7-2018-q2-update.win32_1.0.0.201904181610/tools/bin/../lib/gcc/arm-none-eabi/7.3.1/../../../../arm-none-eabi/lib/thumb/v7-m\libc_nano.a
LOAD c:/st/stm32cubeide_1.0.1/stm32cubeide/plugins/com.st.stm32cube.ide.mcu.externaltools.gnu-tools-for-stm32.7-2018-q2-update.win32_1.0.0.201904181610/tools/bin/../lib/gcc/arm-none-eabi/7.3.1/../../../../arm-none-eabi/lib/thumb/v7-m\libnosys.a
END GROUP
LOAD c:/st/stm32cubeide_1.0.1/stm32cubeide/plugins/com.st.stm32cube.ide.mcu.externaltools.gnu-tools-for-stm32.7-2018-q2-update.win32_1.0.0.201904181610/tools/bin/../lib/gcc/arm-none-eabi/7.3.1/thumb/v7-m/crtend.o
LOAD c:/st/stm32cubeide_1.0.1/stm32cubeide/plugins/com.st.stm32cube.ide.mcu.externaltools.gnu-tools-for-stm32.7-2018-q2-update.win32_1.0.0.201904181610/tools/bin/../lib/gcc/arm-none-eabi/7.3.1/thumb/v7-m/crtn.o
                0x0000000020005000                _estack = 0x20005000
                0x0000000000000200                _Min_Heap_Size = 0x200
                0x0000000000000400                _Min_Stack_Size = 0x400

.isr_vector     0x0000000008000000      0x10c
                0x0000000008000000                . = ALIGN (0x4)
 *(.isr_vector)
 .isr_vector    0x0000000008000000      0x10c Startup/startup_stm32f103c8tx.o
                0x0000000008000000                g_pfnVectors
                0x000000000800010c                . = ALIGN (0x4)

.text           0x0000000008000110    0x10570
                0x0000000008000110                . = ALIGN (0x4)
 *(.text)
 .text          0x0000000008000110       0x40 c:/st/stm32cubeide_1.0.1/stm32cubeide/plugins/com.st.stm32cube.ide.mcu.externaltools.gnu-tools-for-stm32.7-2018-q2-update.win32_1.0.0.201904181610/tools/bin/../lib/gcc/arm-none-eabi/7.3.1/thumb/v7-m/crtbegin.o
 .text          0x0000000008000150       0x10 c:/st/stm32cubeide_1.0.1/stm32cubeide/plugins/com.st.stm32cube.ide.mcu.externaltools.gnu-tools-for-stm32.7-2018-q2-update.win32_1.0.0.201904181610/tools/bin/../lib/gcc/arm-none-eabi/7.3.1/../../../../arm-none-eabi/lib/thumb/v7-m\libc_nano.a(lib_a-strlen.o)
                0x0000000008000150                strlen
 .text          0x0000000008000160      0x378 c:/st/stm32cubeide_1.0.1/stm32cubeide/plugins/com.st.stm32cube.ide.mcu.externaltools.gnu-tools-for-stm32.7-2018-q2-update.win32_1.0.0.201904181610/tools/bin/../lib/gcc/arm-none-eabi/7.3.1/thumb/v7-m\libgcc.a(_arm_addsubdf3.o)
                0x0000000008000160                __aeabi_drsub
                0x0000000008000168                __aeabi_dsub
                0x0000000008000168                __subdf3
                0x000000000800016c                __aeabi_dadd
                0x000000000800016c                __adddf3
                0x00000000080003e4                __floatunsidf
                0x00000000080003e4                __aeabi_ui2d
                0x0000000008000404                __floatsidf
                0x0000000008000404                __aeabi_i2d
                0x0000000008000428                __aeabi_f2d
                0x0000000008000428                __extendsfdf2
                0x000000000800046c                __floatundidf
                0x000000000800046c                __aeabi_ul2d
                0x000000000800047c                __floatdidf
                0x000000000800047c                __aeabi_l2d
 .text          0x00000000080004d8      0x424 c:/st/stm32cubeide_1.0.1/stm32cubeide/plugins/com.st.stm32cube.ide.mcu.externaltools.gnu-tools-for-stm32.7-2018-q2-update.win32_1.0.0.201904181610/tools/bin/../lib/gcc/arm-none-eabi/7.3.1/thumb/v7-m\libgcc.a(_arm_muldivdf3.o)
                0x00000000080004d8                __aeabi_dmul
                0x00000000080004d8                __muldf3
                0x000000000800072c                __divdf3
                0x000000000800072c                __aeabi_ddiv
 .text          0x00000000080008fc      0x110 c:/st/stm32cubeide_1.0.1/stm32cubeide/plugins/com.st.stm32cube.ide.mcu.externaltools.gnu-tools-for-stm32.7-2018-q2-update.win32_1.0.0.201904181610/tools/bin/../lib/gcc/arm-none-eabi/7.3.1/thumb/v7-m\libgcc.a(_arm_cmpdf2.o)
                0x00000000080008fc                __gtdf2
                0x00000000080008fc                __gedf2
                0x0000000008000904                __ltdf2
                0x0000000008000904                __ledf2
                0x000000000800090c                __nedf2
                0x000000000800090c                __eqdf2
                0x000000000800090c                __cmpdf2
                0x0000000008000988                __aeabi_cdrcmple
                0x0000000008000998                __aeabi_cdcmpeq
                0x0000000008000998                __aeabi_cdcmple
                0x00000000080009a8                __aeabi_dcmpeq
                0x00000000080009bc                __aeabi_dcmplt
                0x00000000080009d0                __aeabi_dcmple
                0x00000000080009e4                __aeabi_dcmpge
                0x00000000080009f8                __aeabi_dcmpgt
 .text          0x0000000008000a0c       0x2c c:/st/stm32cubeide_1.0.1/stm32cubeide/plugins/com.st.stm32cube.ide.mcu.externaltools.gnu-tools-for-stm32.7-2018-q2-update.win32_1.0.0.201904181610/tools/bin/../lib/gcc/arm-none-eabi/7.3.1/thumb/v7-m\libgcc.a(_arm_unorddf2.o)
                0x0000000008000a0c                __unorddf2
                0x0000000008000a0c                __aeabi_dcmpun
 .text          0x0000000008000a38       0x50 c:/st/stm32cubeide_1.0.1/stm32cubeide/plugins/com.st.stm32cube.ide.mcu.externaltools.gnu-tools-for-stm32.7-2018-q2-update.win32_1.0.0.201904181610/tools/bin/../lib/gcc/arm-none-eabi/7.3.1/thumb/v7-m\libgcc.a(_arm_fixdfsi.o)
                0x0000000008000a38                __aeabi_d2iz
                0x0000000008000a38                __fixdfsi
 .text          0x0000000008000a88       0x40 c:/st/stm32cubeide_1.0.1/stm32cubeide/plugins/com.st.stm32cube.ide.mcu.externaltools.gnu-tools-for-stm32.7-2018-q2-update.win32_1.0.0.201904181610/tools/bin/../lib/gcc/arm-none-eabi/7.3.1/thumb/v7-m\libgcc.a(_arm_fixunsdfsi.o)
                0x0000000008000a88                __aeabi_d2uiz
                0x0000000008000a88                __fixunsdfsi
 .text          0x0000000008000ac8      0x21c c:/st/stm32cubeide_1.0.1/stm32cubeide/plugins/com.st.stm32cube.ide.mcu.externaltools.gnu-tools-for-stm32.7-2018-q2-update.win32_1.0.0.201904181610/tools/bin/../lib/gcc/arm-none-eabi/7.3.1/thumb/v7-m\libgcc.a(_arm_addsubsf3.o)
                0x0000000008000ac8                __aeabi_frsub
                0x0000000008000ad0                __subsf3
                0x0000000008000ad0                __aeabi_fsub
                0x0000000008000ad4                __aeabi_fadd
                0x0000000008000ad4                __addsf3
                0x0000000008000c34                __aeabi_ui2f
                0x0000000008000c34                __floatunsisf
                0x0000000008000c3c                __aeabi_i2f
                0x0000000008000c3c                __floatsisf
                0x0000000008000c58                __aeabi_ul2f
                0x0000000008000c58                __floatundisf
                0x0000000008000c68                __aeabi_l2f
                0x0000000008000c68                __floatdisf
 .text          0x0000000008000ce4      0x2a0 c:/st/stm32cubeide_1.0.1/stm32cubeide/plugins/com.st.stm32cube.ide.mcu.externaltools.gnu-tools-for-stm32.7-2018-q2-update.win32_1.0.0.201904181610/tools/bin/../lib/gcc/arm-none-eabi/7.3.1/thumb/v7-m\libgcc.a(_arm_muldivsf3.o)
                0x0000000008000ce4                __mulsf3
                0x0000000008000ce4                __aeabi_fmul
                0x0000000008000e4c                __aeabi_fdiv
                0x0000000008000e4c                __divsf3
 *(.text*)
 .text.HAL_Init
                0x0000000008000f84       0x2c Drivers/STM32F1xx_HAL_Driver/Src/stm32f1xx_hal.o
                0x0000000008000f84                HAL_Init
 .text.HAL_InitTick
                0x0000000008000fb0       0x60 Drivers/STM32F1xx_HAL_Driver/Src/stm32f1xx_hal.o
                0x0000000008000fb0                HAL_InitTick
 .text.HAL_IncTick
                0x0000000008001010       0x24 Drivers/STM32F1xx_HAL_Driver/Src/stm32f1xx_hal.o
                0x0000000008001010                HAL_IncTick
 .text.HAL_GetTick
                0x0000000008001034       0x14 Drivers/STM32F1xx_HAL_Driver/Src/stm32f1xx_hal.o
                0x0000000008001034                HAL_GetTick
 .text.HAL_Delay
                0x0000000008001048       0x44 Drivers/STM32F1xx_HAL_Driver/Src/stm32f1xx_hal.o
                0x0000000008001048                HAL_Delay
 .text.HAL_ADC_Init
                0x000000000800108c      0x1b0 Drivers/STM32F1xx_HAL_Driver/Src/stm32f1xx_hal_adc.o
                0x000000000800108c                HAL_ADC_Init
 .text.HAL_ADC_Start
                0x000000000800123c      0x15c Drivers/STM32F1xx_HAL_Driver/Src/stm32f1xx_hal_adc.o
                0x000000000800123c                HAL_ADC_Start
 .text.HAL_ADC_GetValue
                0x0000000008001398       0x18 Drivers/STM32F1xx_HAL_Driver/Src/stm32f1xx_hal_adc.o
                0x0000000008001398                HAL_ADC_GetValue
 .text.HAL_ADC_ConfigChannel
                0x00000000080013b0      0x1f0 Drivers/STM32F1xx_HAL_Driver/Src/stm32f1xx_hal_adc.o
                0x00000000080013b0                HAL_ADC_ConfigChannel
 .text.ADC_Enable
                0x00000000080015a0       0xa4 Drivers/STM32F1xx_HAL_Driver/Src/stm32f1xx_hal_adc.o
                0x00000000080015a0                ADC_Enable
 .text.ADC_ConversionStop_Disable
                0x0000000008001644       0x74 Drivers/STM32F1xx_HAL_Driver/Src/stm32f1xx_hal_adc.o
                0x0000000008001644                ADC_ConversionStop_Disable
 .text.__NVIC_SetPriorityGrouping
                0x00000000080016b8       0x48 Drivers/STM32F1xx_HAL_Driver/Src/stm32f1xx_hal_cortex.o
 .text.__NVIC_GetPriorityGrouping
                0x0000000008001700       0x1c Drivers/STM32F1xx_HAL_Driver/Src/stm32f1xx_hal_cortex.o
 .text.__NVIC_EnableIRQ
                0x000000000800171c       0x38 Drivers/STM32F1xx_HAL_Driver/Src/stm32f1xx_hal_cortex.o
 .text.__NVIC_SetPriority
                0x0000000008001754       0x54 Drivers/STM32F1xx_HAL_Driver/Src/stm32f1xx_hal_cortex.o
 .text.NVIC_EncodePriority
                0x00000000080017a8       0x64 Drivers/STM32F1xx_HAL_Driver/Src/stm32f1xx_hal_cortex.o
 .text.SysTick_Config
                0x000000000800180c       0x44 Drivers/STM32F1xx_HAL_Driver/Src/stm32f1xx_hal_cortex.o
 .text.HAL_NVIC_SetPriorityGrouping
                0x0000000008001850       0x16 Drivers/STM32F1xx_HAL_Driver/Src/stm32f1xx_hal_cortex.o
                0x0000000008001850                HAL_NVIC_SetPriorityGrouping
 .text.HAL_NVIC_SetPriority
                0x0000000008001866       0x38 Drivers/STM32F1xx_HAL_Driver/Src/stm32f1xx_hal_cortex.o
                0x0000000008001866                HAL_NVIC_SetPriority
 .text.HAL_NVIC_EnableIRQ
                0x000000000800189e       0x1c Drivers/STM32F1xx_HAL_Driver/Src/stm32f1xx_hal_cortex.o
                0x000000000800189e                HAL_NVIC_EnableIRQ
 .text.HAL_SYSTICK_Config
                0x00000000080018ba       0x18 Drivers/STM32F1xx_HAL_Driver/Src/stm32f1xx_hal_cortex.o
                0x00000000080018ba                HAL_SYSTICK_Config
 *fill*         0x00000000080018d2        0x2 
 .text.HAL_DMA_Init
                0x00000000080018d4       0xb4 Drivers/STM32F1xx_HAL_Driver/Src/stm32f1xx_hal_dma.o
                0x00000000080018d4                HAL_DMA_Init
 .text.HAL_DMA_Start_IT
                0x0000000008001988       0xbe Drivers/STM32F1xx_HAL_Driver/Src/stm32f1xx_hal_dma.o
                0x0000000008001988                HAL_DMA_Start_IT
 *fill*         0x0000000008001a46        0x2 
 .text.HAL_DMA_IRQHandler
                0x0000000008001a48      0x20c Drivers/STM32F1xx_HAL_Driver/Src/stm32f1xx_hal_dma.o
                0x0000000008001a48                HAL_DMA_IRQHandler
 .text.DMA_SetConfig
                0x0000000008001c54       0x5a Drivers/STM32F1xx_HAL_Driver/Src/stm32f1xx_hal_dma.o
 *fill*         0x0000000008001cae        0x2 
 .text.HAL_FLASH_Program
                0x0000000008001cb0       0xe0 Drivers/STM32F1xx_HAL_Driver/Src/stm32f1xx_hal_flash.o
                0x0000000008001cb0                HAL_FLASH_Program
 .text.HAL_FLASH_Unlock
                0x0000000008001d90       0x4c Drivers/STM32F1xx_HAL_Driver/Src/stm32f1xx_hal_flash.o
                0x0000000008001d90                HAL_FLASH_Unlock
 .text.FLASH_Program_HalfWord
                0x0000000008001ddc       0x38 Drivers/STM32F1xx_HAL_Driver/Src/stm32f1xx_hal_flash.o
 .text.FLASH_WaitForLastOperation
                0x0000000008001e14       0x8c Drivers/STM32F1xx_HAL_Driver/Src/stm32f1xx_hal_flash.o
                0x0000000008001e14                FLASH_WaitForLastOperation
 .text.FLASH_SetErrorCode
                0x0000000008001ea0       0xa0 Drivers/STM32F1xx_HAL_Driver/Src/stm32f1xx_hal_flash.o
 .text.HAL_FLASHEx_Erase
                0x0000000008001f40       0xd8 Drivers/STM32F1xx_HAL_Driver/Src/stm32f1xx_hal_flash_ex.o
                0x0000000008001f40                HAL_FLASHEx_Erase
 .text.FLASH_MassErase
                0x0000000008002018       0x38 Drivers/STM32F1xx_HAL_Driver/Src/stm32f1xx_hal_flash_ex.o
 .text.FLASH_PageErase
                0x0000000008002050       0x40 Drivers/STM32F1xx_HAL_Driver/Src/stm32f1xx_hal_flash_ex.o
                0x0000000008002050                FLASH_PageErase
 .text.HAL_GPIO_Init
                0x0000000008002090      0x2b4 Drivers/STM32F1xx_HAL_Driver/Src/stm32f1xx_hal_gpio.o
                0x0000000008002090                HAL_GPIO_Init
 .text.HAL_GPIO_ReadPin
                0x0000000008002344       0x2e Drivers/STM32F1xx_HAL_Driver/Src/stm32f1xx_hal_gpio.o
                0x0000000008002344                HAL_GPIO_ReadPin
 .text.HAL_GPIO_WritePin
                0x0000000008002372       0x30 Drivers/STM32F1xx_HAL_Driver/Src/stm32f1xx_hal_gpio.o
                0x0000000008002372                HAL_GPIO_WritePin
 *fill*         0x00000000080023a2        0x2 
 .text.HAL_I2C_Init
                0x00000000080023a4      0x250 Drivers/STM32F1xx_HAL_Driver/Src/stm32f1xx_hal_i2c.o
                0x00000000080023a4                HAL_I2C_Init
 .text.HAL_I2C_Master_Transmit
                0x00000000080025f4      0x1fc Drivers/STM32F1xx_HAL_Driver/Src/stm32f1xx_hal_i2c.o
                0x00000000080025f4                HAL_I2C_Master_Transmit
 .text.HAL_I2C_IsDeviceReady
                0x00000000080027f0      0x244 Drivers/STM32F1xx_HAL_Driver/Src/stm32f1xx_hal_i2c.o
                0x00000000080027f0                HAL_I2C_IsDeviceReady
 .text.I2C_MasterRequestWrite
                0x0000000008002a34       0xec Drivers/STM32F1xx_HAL_Driver/Src/stm32f1xx_hal_i2c.o
 .text.I2C_WaitOnFlagUntilTimeout
                0x0000000008002b20       0xae Drivers/STM32F1xx_HAL_Driver/Src/stm32f1xx_hal_i2c.o
 .text.I2C_WaitOnMasterAddressFlagUntilTimeout
                0x0000000008002bce       0xfe Drivers/STM32F1xx_HAL_Driver/Src/stm32f1xx_hal_i2c.o
 .text.I2C_WaitOnTXEFlagUntilTimeout
                0x0000000008002ccc       0x82 Drivers/STM32F1xx_HAL_Driver/Src/stm32f1xx_hal_i2c.o
 .text.I2C_WaitOnBTFFlagUntilTimeout
                0x0000000008002d4e       0x82 Drivers/STM32F1xx_HAL_Driver/Src/stm32f1xx_hal_i2c.o
 .text.I2C_IsAcknowledgeFailed
                0x0000000008002dd0       0x5c Drivers/STM32F1xx_HAL_Driver/Src/stm32f1xx_hal_i2c.o
 .text.HAL_PCD_Init
                0x0000000008002e2c      0x1c2 Drivers/STM32F1xx_HAL_Driver/Src/stm32f1xx_hal_pcd.o
                0x0000000008002e2c                HAL_PCD_Init
 .text.HAL_PCD_Start
                0x0000000008002fee       0x4c Drivers/STM32F1xx_HAL_Driver/Src/stm32f1xx_hal_pcd.o
                0x0000000008002fee                HAL_PCD_Start
 .text.HAL_PCD_IRQHandler
                0x000000000800303a      0x21c Drivers/STM32F1xx_HAL_Driver/Src/stm32f1xx_hal_pcd.o
                0x000000000800303a                HAL_PCD_IRQHandler
 .text.HAL_PCD_SetAddress
                0x0000000008003256       0x4a Drivers/STM32F1xx_HAL_Driver/Src/stm32f1xx_hal_pcd.o
                0x0000000008003256                HAL_PCD_SetAddress
 .text.HAL_PCD_EP_Open
                0x00000000080032a0       0xc0 Drivers/STM32F1xx_HAL_Driver/Src/stm32f1xx_hal_pcd.o
                0x00000000080032a0                HAL_PCD_EP_Open
 .text.HAL_PCD_EP_Close
                0x0000000008003360       0x84 Drivers/STM32F1xx_HAL_Driver/Src/stm32f1xx_hal_pcd.o
                0x0000000008003360                HAL_PCD_EP_Close
 .text.HAL_PCD_EP_Receive
                0x00000000080033e4       0x74 Drivers/STM32F1xx_HAL_Driver/Src/stm32f1xx_hal_pcd.o
                0x00000000080033e4                HAL_PCD_EP_Receive
 .text.HAL_PCD_EP_GetRxCount
                0x0000000008003458       0x28 Drivers/STM32F1xx_HAL_Driver/Src/stm32f1xx_hal_pcd.o
                0x0000000008003458                HAL_PCD_EP_GetRxCount
 .text.HAL_PCD_EP_Transmit
                0x0000000008003480       0x72 Drivers/STM32F1xx_HAL_Driver/Src/stm32f1xx_hal_pcd.o
                0x0000000008003480                HAL_PCD_EP_Transmit
 .text.HAL_PCD_EP_SetStall
                0x00000000080034f2       0xb4 Drivers/STM32F1xx_HAL_Driver/Src/stm32f1xx_hal_pcd.o
                0x00000000080034f2                HAL_PCD_EP_SetStall
 .text.HAL_PCD_EP_ClrStall
                0x00000000080035a6       0x9c Drivers/STM32F1xx_HAL_Driver/Src/stm32f1xx_hal_pcd.o
                0x00000000080035a6                HAL_PCD_EP_ClrStall
 *fill*         0x0000000008003642        0x2 
 .text.PCD_EP_ISR_Handler
                0x0000000008003644      0x534 Drivers/STM32F1xx_HAL_Driver/Src/stm32f1xx_hal_pcd.o
 .text.HAL_PCDEx_PMAConfig
                0x0000000008003b78       0x78 Drivers/STM32F1xx_HAL_Driver/Src/stm32f1xx_hal_pcd_ex.o
                0x0000000008003b78                HAL_PCDEx_PMAConfig
 .text.HAL_RCC_OscConfig
                0x0000000008003bf0      0x500 Drivers/STM32F1xx_HAL_Driver/Src/stm32f1xx_hal_rcc.o
                0x0000000008003bf0                HAL_RCC_OscConfig
 .text.HAL_RCC_ClockConfig
                0x00000000080040f0      0x1d4 Drivers/STM32F1xx_HAL_Driver/Src/stm32f1xx_hal_rcc.o
                0x00000000080040f0                HAL_RCC_ClockConfig
 .text.HAL_RCC_GetSysClockFreq
                0x00000000080042c4       0xc4 Drivers/STM32F1xx_HAL_Driver/Src/stm32f1xx_hal_rcc.o
                0x00000000080042c4                HAL_RCC_GetSysClockFreq
 .text.HAL_RCC_GetHCLKFreq
                0x0000000008004388       0x14 Drivers/STM32F1xx_HAL_Driver/Src/stm32f1xx_hal_rcc.o
                0x0000000008004388                HAL_RCC_GetHCLKFreq
 .text.HAL_RCC_GetPCLK1Freq
                0x000000000800439c       0x28 Drivers/STM32F1xx_HAL_Driver/Src/stm32f1xx_hal_rcc.o
                0x000000000800439c                HAL_RCC_GetPCLK1Freq
 .text.RCC_Delay
                0x00000000080043c4       0x3c Drivers/STM32F1xx_HAL_Driver/Src/stm32f1xx_hal_rcc.o
 .text.HAL_RCCEx_PeriphCLKConfig
                0x0000000008004400      0x16c Drivers/STM32F1xx_HAL_Driver/Src/stm32f1xx_hal_rcc_ex.o
                0x0000000008004400                HAL_RCCEx_PeriphCLKConfig
 .text.HAL_SPI_Init
                0x000000000800456c       0xc2 Drivers/STM32F1xx_HAL_Driver/Src/stm32f1xx_hal_spi.o
                0x000000000800456c                HAL_SPI_Init
 *fill*         0x000000000800462e        0x2 
 .text.HAL_SPI_Transmit_DMA
                0x0000000008004630      0x15c Drivers/STM32F1xx_HAL_Driver/Src/stm32f1xx_hal_spi.o
                0x0000000008004630                HAL_SPI_Transmit_DMA
 .text.HAL_SPI_TxCpltCallback
                0x000000000800478c       0x12 Drivers/STM32F1xx_HAL_Driver/Src/stm32f1xx_hal_spi.o
                0x000000000800478c                HAL_SPI_TxCpltCallback
 .text.HAL_SPI_TxHalfCpltCallback
                0x000000000800479e       0x12 Drivers/STM32F1xx_HAL_Driver/Src/stm32f1xx_hal_spi.o
                0x000000000800479e                HAL_SPI_TxHalfCpltCallback
 .text.HAL_SPI_ErrorCallback
                0x00000000080047b0       0x12 Drivers/STM32F1xx_HAL_Driver/Src/stm32f1xx_hal_spi.o
                0x00000000080047b0                HAL_SPI_ErrorCallback
 .text.SPI_DMATransmitCplt
                0x00000000080047c2       0xa6 Drivers/STM32F1xx_HAL_Driver/Src/stm32f1xx_hal_spi.o
 .text.SPI_DMAHalfTransmitCplt
                0x0000000008004868       0x1c Drivers/STM32F1xx_HAL_Driver/Src/stm32f1xx_hal_spi.o
 .text.SPI_DMAError
                0x0000000008004884       0x40 Drivers/STM32F1xx_HAL_Driver/Src/stm32f1xx_hal_spi.o
 .text.SPI_WaitFlagStateUntilTimeout
                0x00000000080048c4       0xd4 Drivers/STM32F1xx_HAL_Driver/Src/stm32f1xx_hal_spi.o
 .text.SPI_EndRxTxTransaction
                0x0000000008004998       0x3c Drivers/STM32F1xx_HAL_Driver/Src/stm32f1xx_hal_spi.o
 .text.HAL_TIM_Base_Init
                0x00000000080049d4       0x56 Drivers/STM32F1xx_HAL_Driver/Src/stm32f1xx_hal_tim.o
                0x00000000080049d4                HAL_TIM_Base_Init
 .text.HAL_TIM_Base_Start_IT
                0x0000000008004a2a       0x46 Drivers/STM32F1xx_HAL_Driver/Src/stm32f1xx_hal_tim.o
                0x0000000008004a2a                HAL_TIM_Base_Start_IT
 .text.HAL_TIM_Base_Stop_IT
                0x0000000008004a70       0x54 Drivers/STM32F1xx_HAL_Driver/Src/stm32f1xx_hal_tim.o
                0x0000000008004a70                HAL_TIM_Base_Stop_IT
 .text.HAL_TIM_IRQHandler
                0x0000000008004ac4      0x210 Drivers/STM32F1xx_HAL_Driver/Src/stm32f1xx_hal_tim.o
                0x0000000008004ac4                HAL_TIM_IRQHandler
 .text.HAL_TIM_ConfigClockSource
                0x0000000008004cd4      0x16e Drivers/STM32F1xx_HAL_Driver/Src/stm32f1xx_hal_tim.o
                0x0000000008004cd4                HAL_TIM_ConfigClockSource
 .text.HAL_TIM_PeriodElapsedCallback
                0x0000000008004e42       0x12 Drivers/STM32F1xx_HAL_Driver/Src/stm32f1xx_hal_tim.o
                0x0000000008004e42                HAL_TIM_PeriodElapsedCallback
 .text.HAL_TIM_OC_DelayElapsedCallback
                0x0000000008004e54       0x12 Drivers/STM32F1xx_HAL_Driver/Src/stm32f1xx_hal_tim.o
                0x0000000008004e54                HAL_TIM_OC_DelayElapsedCallback
 .text.HAL_TIM_IC_CaptureCallback
                0x0000000008004e66       0x12 Drivers/STM32F1xx_HAL_Driver/Src/stm32f1xx_hal_tim.o
                0x0000000008004e66                HAL_TIM_IC_CaptureCallback
 .text.HAL_TIM_PWM_PulseFinishedCallback
                0x0000000008004e78       0x12 Drivers/STM32F1xx_HAL_Driver/Src/stm32f1xx_hal_tim.o
                0x0000000008004e78                HAL_TIM_PWM_PulseFinishedCallback
 .text.HAL_TIM_TriggerCallback
                0x0000000008004e8a       0x12 Drivers/STM32F1xx_HAL_Driver/Src/stm32f1xx_hal_tim.o
                0x0000000008004e8a                HAL_TIM_TriggerCallback
 .text.TIM_Base_SetConfig
                0x0000000008004e9c       0xc4 Drivers/STM32F1xx_HAL_Driver/Src/stm32f1xx_hal_tim.o
                0x0000000008004e9c                TIM_Base_SetConfig
 .text.TIM_TI1_ConfigInputStage
                0x0000000008004f60       0x5c Drivers/STM32F1xx_HAL_Driver/Src/stm32f1xx_hal_tim.o
 .text.TIM_TI2_ConfigInputStage
                0x0000000008004fbc       0x5e Drivers/STM32F1xx_HAL_Driver/Src/stm32f1xx_hal_tim.o
 .text.TIM_ITRx_SetConfig
                0x000000000800501a       0x34 Drivers/STM32F1xx_HAL_Driver/Src/stm32f1xx_hal_tim.o
 .text.TIM_ETR_SetConfig
                0x000000000800504e       0x3e Drivers/STM32F1xx_HAL_Driver/Src/stm32f1xx_hal_tim.o
                0x000000000800504e                TIM_ETR_SetConfig
 .text.HAL_TIMEx_MasterConfigSynchronization
                0x000000000800508c       0x88 Drivers/STM32F1xx_HAL_Driver/Src/stm32f1xx_hal_tim_ex.o
                0x000000000800508c                HAL_TIMEx_MasterConfigSynchronization
 .text.HAL_TIMEx_CommutCallback
                0x0000000008005114       0x12 Drivers/STM32F1xx_HAL_Driver/Src/stm32f1xx_hal_tim_ex.o
                0x0000000008005114                HAL_TIMEx_CommutCallback
 .text.HAL_TIMEx_BreakCallback
                0x0000000008005126       0x12 Drivers/STM32F1xx_HAL_Driver/Src/stm32f1xx_hal_tim_ex.o
                0x0000000008005126                HAL_TIMEx_BreakCallback
 .text.USB_CoreInit
                0x0000000008005138       0x20 Drivers/STM32F1xx_HAL_Driver/Src/stm32f1xx_ll_usb.o
                0x0000000008005138                USB_CoreInit
 .text.USB_EnableGlobalInt
                0x0000000008005158       0x2e Drivers/STM32F1xx_HAL_Driver/Src/stm32f1xx_ll_usb.o
                0x0000000008005158                USB_EnableGlobalInt
 .text.USB_DisableGlobalInt
                0x0000000008005186       0x38 Drivers/STM32F1xx_HAL_Driver/Src/stm32f1xx_ll_usb.o
                0x0000000008005186                USB_DisableGlobalInt
 .text.USB_SetCurrentMode
                0x00000000080051be       0x18 Drivers/STM32F1xx_HAL_Driver/Src/stm32f1xx_ll_usb.o
                0x00000000080051be                USB_SetCurrentMode
 .text.USB_DevInit
                0x00000000080051d6       0x48 Drivers/STM32F1xx_HAL_Driver/Src/stm32f1xx_ll_usb.o
                0x00000000080051d6                USB_DevInit
 *fill*         0x000000000800521e        0x2 
 .text.USB_ActivateEndpoint
                0x0000000008005220      0x5dc Drivers/STM32F1xx_HAL_Driver/Src/stm32f1xx_ll_usb.o
                0x0000000008005220                USB_ActivateEndpoint
 .text.USB_DeactivateEndpoint
                0x00000000080057fc      0x32c Drivers/STM32F1xx_HAL_Driver/Src/stm32f1xx_ll_usb.o
                0x00000000080057fc                USB_DeactivateEndpoint
 .text.USB_EPStartXfer
                0x0000000008005b28      0x570 Drivers/STM32F1xx_HAL_Driver/Src/stm32f1xx_ll_usb.o
                0x0000000008005b28                USB_EPStartXfer
 .text.USB_EPSetStall
                0x0000000008006098       0x84 Drivers/STM32F1xx_HAL_Driver/Src/stm32f1xx_ll_usb.o
                0x0000000008006098                USB_EPSetStall
 .text.USB_EPClearStall
                0x000000000800611c      0x128 Drivers/STM32F1xx_HAL_Driver/Src/stm32f1xx_ll_usb.o
                0x000000000800611c                USB_EPClearStall
 .text.USB_SetDevAddress
                0x0000000008006244       0x26 Drivers/STM32F1xx_HAL_Driver/Src/stm32f1xx_ll_usb.o
                0x0000000008006244                USB_SetDevAddress
 .text.USB_DevConnect
                0x000000000800626a       0x14 Drivers/STM32F1xx_HAL_Driver/Src/stm32f1xx_ll_usb.o
                0x000000000800626a                USB_DevConnect
 .text.USB_DevDisconnect
                0x000000000800627e       0x14 Drivers/STM32F1xx_HAL_Driver/Src/stm32f1xx_ll_usb.o
                0x000000000800627e                USB_DevDisconnect
 .text.USB_ReadInterrupts
                0x0000000008006292       0x1e Drivers/STM32F1xx_HAL_Driver/Src/stm32f1xx_ll_usb.o
                0x0000000008006292                USB_ReadInterrupts
 .text.USB_EP0_OutStart
                0x00000000080062b0       0x16 Drivers/STM32F1xx_HAL_Driver/Src/stm32f1xx_ll_usb.o
                0x00000000080062b0                USB_EP0_OutStart
 .text.USB_WritePMA
                0x00000000080062c6       0x88 Drivers/STM32F1xx_HAL_Driver/Src/stm32f1xx_ll_usb.o
                0x00000000080062c6                USB_WritePMA
 .text.USB_ReadPMA
                0x000000000800634e       0x9e Drivers/STM32F1xx_HAL_Driver/Src/stm32f1xx_ll_usb.o
                0x000000000800634e                USB_ReadPMA
 .text.USBD_CDC_Init
                0x00000000080063ec       0xf4 Middlewares/ST/STM32_USB_Device_Library/Class/CDC/Src/usbd_cdc.o
 .text.USBD_CDC_DeInit
                0x00000000080064e0       0x6e Middlewares/ST/STM32_USB_Device_Library/Class/CDC/Src/usbd_cdc.o
 .text.USBD_CDC_Setup
                0x000000000800654e      0x140 Middlewares/ST/STM32_USB_Device_Library/Class/CDC/Src/usbd_cdc.o
 .text.USBD_CDC_DataIn
                0x000000000800668e       0xa0 Middlewares/ST/STM32_USB_Device_Library/Class/CDC/Src/usbd_cdc.o
 .text.USBD_CDC_DataOut
                0x000000000800672e       0x56 Middlewares/ST/STM32_USB_Device_Library/Class/CDC/Src/usbd_cdc.o
 .text.USBD_CDC_EP0_RxReady
                0x0000000008006784       0x50 Middlewares/ST/STM32_USB_Device_Library/Class/CDC/Src/usbd_cdc.o
 .text.USBD_CDC_GetFSCfgDesc
                0x00000000080067d4       0x20 Middlewares/ST/STM32_USB_Device_Library/Class/CDC/Src/usbd_cdc.o
 .text.USBD_CDC_GetHSCfgDesc
                0x00000000080067f4       0x20 Middlewares/ST/STM32_USB_Device_Library/Class/CDC/Src/usbd_cdc.o
 .text.USBD_CDC_GetOtherSpeedCfgDesc
                0x0000000008006814       0x20 Middlewares/ST/STM32_USB_Device_Library/Class/CDC/Src/usbd_cdc.o
 .text.USBD_CDC_GetDeviceQualifierDescriptor
                0x0000000008006834       0x20 Middlewares/ST/STM32_USB_Device_Library/Class/CDC/Src/usbd_cdc.o
                0x0000000008006834                USBD_CDC_GetDeviceQualifierDescriptor
 .text.USBD_CDC_RegisterInterface
                0x0000000008006854       0x2c Middlewares/ST/STM32_USB_Device_Library/Class/CDC/Src/usbd_cdc.o
                0x0000000008006854                USBD_CDC_RegisterInterface
 .text.USBD_CDC_SetTxBuffer
                0x0000000008006880       0x32 Middlewares/ST/STM32_USB_Device_Library/Class/CDC/Src/usbd_cdc.o
                0x0000000008006880                USBD_CDC_SetTxBuffer
 .text.USBD_CDC_SetRxBuffer
                0x00000000080068b2       0x26 Middlewares/ST/STM32_USB_Device_Library/Class/CDC/Src/usbd_cdc.o
                0x00000000080068b2                USBD_CDC_SetRxBuffer
 .text.USBD_CDC_TransmitPacket
                0x00000000080068d8       0x5e Middlewares/ST/STM32_USB_Device_Library/Class/CDC/Src/usbd_cdc.o
                0x00000000080068d8                USBD_CDC_TransmitPacket
 .text.USBD_CDC_ReceivePacket
                0x0000000008006936       0x54 Middlewares/ST/STM32_USB_Device_Library/Class/CDC/Src/usbd_cdc.o
                0x0000000008006936                USBD_CDC_ReceivePacket
 .text.USBD_Init
                0x000000000800698a       0x56 Middlewares/ST/STM32_USB_Device_Library/Core/Src/usbd_core.o
                0x000000000800698a                USBD_Init
 .text.USBD_RegisterClass
                0x00000000080069e0       0x32 Middlewares/ST/STM32_USB_Device_Library/Core/Src/usbd_core.o
                0x00000000080069e0                USBD_RegisterClass
 .text.USBD_Start
                0x0000000008006a12       0x18 Middlewares/ST/STM32_USB_Device_Library/Core/Src/usbd_core.o
                0x0000000008006a12                USBD_Start
 .text.USBD_RunTestMode
                0x0000000008006a2a       0x14 Middlewares/ST/STM32_USB_Device_Library/Core/Src/usbd_core.o
                0x0000000008006a2a                USBD_RunTestMode
 .text.USBD_SetClassConfig
                0x0000000008006a3e       0x3e Middlewares/ST/STM32_USB_Device_Library/Core/Src/usbd_core.o
                0x0000000008006a3e                USBD_SetClassConfig
 .text.USBD_ClrClassConfig
                0x0000000008006a7c       0x26 Middlewares/ST/STM32_USB_Device_Library/Core/Src/usbd_core.o
                0x0000000008006a7c                USBD_ClrClassConfig
 .text.USBD_LL_SetupStage
                0x0000000008006aa2       0x96 Middlewares/ST/STM32_USB_Device_Library/Core/Src/usbd_core.o
                0x0000000008006aa2                USBD_LL_SetupStage
 .text.USBD_LL_DataOutStage
                0x0000000008006b38       0xe2 Middlewares/ST/STM32_USB_Device_Library/Core/Src/usbd_core.o
                0x0000000008006b38                USBD_LL_DataOutStage
 .text.USBD_LL_DataInStage
                0x0000000008006c1a      0x14a Middlewares/ST/STM32_USB_Device_Library/Core/Src/usbd_core.o
                0x0000000008006c1a                USBD_LL_DataInStage
 .text.USBD_LL_Reset
                0x0000000008006d64       0x82 Middlewares/ST/STM32_USB_Device_Library/Core/Src/usbd_core.o
                0x0000000008006d64                USBD_LL_Reset
 .text.USBD_LL_SetSpeed
                0x0000000008006de6       0x1e Middlewares/ST/STM32_USB_Device_Library/Core/Src/usbd_core.o
                0x0000000008006de6                USBD_LL_SetSpeed
 .text.USBD_LL_Suspend
                0x0000000008006e04       0x28 Middlewares/ST/STM32_USB_Device_Library/Core/Src/usbd_core.o
                0x0000000008006e04                USBD_LL_Suspend
 .text.USBD_LL_Resume
                0x0000000008006e2c       0x2a Middlewares/ST/STM32_USB_Device_Library/Core/Src/usbd_core.o
                0x0000000008006e2c                USBD_LL_Resume
 .text.USBD_LL_SOF
                0x0000000008006e56       0x34 Middlewares/ST/STM32_USB_Device_Library/Core/Src/usbd_core.o
                0x0000000008006e56                USBD_LL_SOF
 *fill*         0x0000000008006e8a        0x2 
 .text.USBD_StdDevReq
                0x0000000008006e8c       0xd4 Middlewares/ST/STM32_USB_Device_Library/Core/Src/usbd_ctlreq.o
                0x0000000008006e8c                USBD_StdDevReq
 .text.USBD_StdItfReq
                0x0000000008006f60       0x8c Middlewares/ST/STM32_USB_Device_Library/Core/Src/usbd_ctlreq.o
                0x0000000008006f60                USBD_StdItfReq
 .text.USBD_StdEPReq
                0x0000000008006fec      0x2ba Middlewares/ST/STM32_USB_Device_Library/Core/Src/usbd_ctlreq.o
                0x0000000008006fec                USBD_StdEPReq
 *fill*         0x00000000080072a6        0x2 
 .text.USBD_GetDescriptor
                0x00000000080072a8      0x2d0 Middlewares/ST/STM32_USB_Device_Library/Core/Src/usbd_ctlreq.o
 .text.USBD_SetAddress
                0x0000000008007578       0x84 Middlewares/ST/STM32_USB_Device_Library/Core/Src/usbd_ctlreq.o
 .text.USBD_SetConfig
                0x00000000080075fc      0x11c Middlewares/ST/STM32_USB_Device_Library/Core/Src/usbd_ctlreq.o
 .text.USBD_GetConfig
                0x0000000008007718       0x68 Middlewares/ST/STM32_USB_Device_Library/Core/Src/usbd_ctlreq.o
 .text.USBD_GetStatus
                0x0000000008007780       0x66 Middlewares/ST/STM32_USB_Device_Library/Core/Src/usbd_ctlreq.o
 .text.USBD_SetFeature
                0x00000000080077e6       0x28 Middlewares/ST/STM32_USB_Device_Library/Core/Src/usbd_ctlreq.o
 .text.USBD_ClrFeature
                0x000000000800780e       0x42 Middlewares/ST/STM32_USB_Device_Library/Core/Src/usbd_ctlreq.o
 .text.USBD_ParseSetupRequest
                0x0000000008007850       0x78 Middlewares/ST/STM32_USB_Device_Library/Core/Src/usbd_ctlreq.o
                0x0000000008007850                USBD_ParseSetupRequest
 .text.USBD_CtlError
                0x00000000080078c8       0x22 Middlewares/ST/STM32_USB_Device_Library/Core/Src/usbd_ctlreq.o
                0x00000000080078c8                USBD_CtlError
 .text.USBD_GetString
                0x00000000080078ea       0x84 Middlewares/ST/STM32_USB_Device_Library/Core/Src/usbd_ctlreq.o
                0x00000000080078ea                USBD_GetString
 .text.USBD_GetLen
                0x000000000800796e       0x2e Middlewares/ST/STM32_USB_Device_Library/Core/Src/usbd_ctlreq.o
 .text.USBD_CtlSendData
                0x000000000800799c       0x38 Middlewares/ST/STM32_USB_Device_Library/Core/Src/usbd_ioreq.o
                0x000000000800799c                USBD_CtlSendData
 .text.USBD_CtlContinueSendData
                0x00000000080079d4       0x24 Middlewares/ST/STM32_USB_Device_Library/Core/Src/usbd_ioreq.o
                0x00000000080079d4                USBD_CtlContinueSendData
 .text.USBD_CtlPrepareRx
                0x00000000080079f8       0x3c Middlewares/ST/STM32_USB_Device_Library/Core/Src/usbd_ioreq.o
                0x00000000080079f8                USBD_CtlPrepareRx
 .text.USBD_CtlContinueRx
                0x0000000008007a34       0x24 Middlewares/ST/STM32_USB_Device_Library/Core/Src/usbd_ioreq.o
                0x0000000008007a34                USBD_CtlContinueRx
 .text.USBD_CtlSendStatus
                0x0000000008007a58       0x26 Middlewares/ST/STM32_USB_Device_Library/Core/Src/usbd_ioreq.o
                0x0000000008007a58                USBD_CtlSendStatus
 .text.USBD_CtlReceiveStatus
                0x0000000008007a7e       0x26 Middlewares/ST/STM32_USB_Device_Library/Core/Src/usbd_ioreq.o
                0x0000000008007a7e                USBD_CtlReceiveStatus
 .text.EE_Init  0x0000000008007aa4      0x3b4 Src/eeprom.o
                0x0000000008007aa4                EE_Init
 .text.EE_VerifyPageFullyErased
                0x0000000008007e58       0x4c Src/eeprom.o
 .text.EE_ReadVariable
                0x0000000008007ea4       0x94 Src/eeprom.o
                0x0000000008007ea4                EE_ReadVariable
 .text.EE_Format
                0x0000000008007f38       0xa0 Src/eeprom.o
 .text.EE_FindValidPage
                0x0000000008007fd8       0x88 Src/eeprom.o
 .text.EE_VerifyPageFullWriteVariable
                0x0000000008008060       0xbc Src/eeprom.o
 .text.main     0x000000000800811c      0x434 Src/main.o
                0x000000000800811c                main
 .text.SystemClock_Config
                0x0000000008008550       0xba Src/main.o
                0x0000000008008550                SystemClock_Config
 *fill*         0x000000000800860a        0x2 
 .text.MX_ADC1_Init
                0x000000000800860c       0x7c Src/main.o
 .text.MX_ADC2_Init
                0x0000000008008688       0x7c Src/main.o
 .text.MX_I2C1_Init
                0x0000000008008704       0x5c Src/main.o
 .text.MX_SPI2_Init
                0x0000000008008760       0x6c Src/main.o
 .text.MX_TIM3_Init
                0x00000000080087cc       0x9c Src/main.o
 .text.MX_DMA_Init
                0x0000000008008868       0x3c Src/main.o
 .text.MX_GPIO_Init
                0x00000000080088a4      0x130 Src/main.o
 .text.checkbuttons
                0x00000000080089d4       0x44 Src/main.o
                0x00000000080089d4                checkbuttons
 .text.checkUSBConnected
                0x0000000008008a18       0x24 Src/main.o
                0x0000000008008a18                checkUSBConnected
 .text.USBdataEnable
                0x0000000008008a3c       0x34 Src/main.o
                0x0000000008008a3c                USBdataEnable
 .text.ComputeFFT
                0x0000000008008a70      0x3f0 Src/main.o
                0x0000000008008a70                ComputeFFT
 .text.Exponent
                0x0000000008008e60       0x32 Src/main.o
                0x0000000008008e60                Exponent
 .text.Swap     0x0000000008008e92       0x30 Src/main.o
                0x0000000008008e92                Swap
 *fill*         0x0000000008008ec2        0x6 
 .text.Windowing
                0x0000000008008ec8      0x6bc Src/main.o
                0x0000000008008ec8                Windowing
 .text.sq       0x0000000008009584       0x24 Src/main.o
                0x0000000008009584                sq
 .text.read_adc
                0x00000000080095a8       0x20 Src/main.o
                0x00000000080095a8                read_adc
 .text.adjustVals
                0x00000000080095c8      0x144 Src/main.o
                0x00000000080095c8                adjustVals
 .text.updateLowHighThresh
                0x000000000800970c       0xb4 Src/main.o
                0x000000000800970c                updateLowHighThresh
 .text.read_bat_adc
                0x00000000080097c0       0x3c Src/main.o
                0x00000000080097c0                read_bat_adc
 .text.graphMAG
                0x00000000080097fc      0x1b0 Src/main.o
                0x00000000080097fc                graphMAG
 .text.show     0x00000000080099ac       0x1c Src/main.o
                0x00000000080099ac                show
 .text.setPixelColor
                0x00000000080099c8       0xa8 Src/main.o
                0x00000000080099c8                setPixelColor
 .text.getPixelColor
                0x0000000008009a70       0xec Src/main.o
                0x0000000008009a70                getPixelColor
 .text.BlankScreen
                0x0000000008009b5c       0x2e Src/main.o
                0x0000000008009b5c                BlankScreen
 *fill*         0x0000000008009b8a        0x2 
 .text.HorizShiftR
                0x0000000008009b8c       0x7c Src/main.o
                0x0000000008009b8c                HorizShiftR
 .text.HorizShiftL
                0x0000000008009c08       0x7c Src/main.o
                0x0000000008009c08                HorizShiftL
 .text.BlankColumn
                0x0000000008009c84       0x3c Src/main.o
                0x0000000008009c84                BlankColumn
 .text.printStringWithShiftL
                0x0000000008009cc0       0x2e Src/main.o
                0x0000000008009cc0                printStringWithShiftL
 *fill*         0x0000000008009cee        0x2 
 .text.printCharWithShiftL
                0x0000000008009cf0       0xcc Src/main.o
                0x0000000008009cf0                printCharWithShiftL
 .text.Color    0x0000000008009dbc       0x2a Src/main.o
                0x0000000008009dbc                Color
 .text.map      0x0000000008009de6       0x36 Src/main.o
                0x0000000008009de6                map
 .text.randomNum
                0x0000000008009e1c       0x2e Src/main.o
                0x0000000008009e1c                randomNum
 *fill*         0x0000000008009e4a        0x2 
 .text.sine1    0x0000000008009e4c       0x8c Src/main.o
                0x0000000008009e4c                sine1
 .text.nGrid    0x0000000008009ed8      0x568 Src/main.o
                0x0000000008009ed8                nGrid
 .text.nBalls   0x000000000800a440      0x7c0 Src/main.o
                0x000000000800a440                nBalls
 .text.getrand  0x000000000800ac00      0x18c Src/main.o
                0x000000000800ac00                getrand
 .text.Error_Handler
                0x000000000800ad8c        0xc Src/main.o
                0x000000000800ad8c                Error_Handler
 .text.SSD1306_DrawBitmap
                0x000000000800ad98       0xce Src/ssd1306.o
                0x000000000800ad98                SSD1306_DrawBitmap
 *fill*         0x000000000800ae66        0x2 
 .text.SSD1306_Init
                0x000000000800ae68      0x1ac Src/ssd1306.o
                0x000000000800ae68                SSD1306_Init
 .text.SSD1306_Puti
                0x000000000800b014       0x98 Src/ssd1306.o
                0x000000000800b014                SSD1306_Puti
 .text.SSD1306_UpdateScreen
                0x000000000800b0ac       0x5c Src/ssd1306.o
                0x000000000800b0ac                SSD1306_UpdateScreen
 .text.SSD1306_Fill
                0x000000000800b108       0x30 Src/ssd1306.o
                0x000000000800b108                SSD1306_Fill
 .text.SSD1306_DrawPixel
                0x000000000800b138       0xbc Src/ssd1306.o
                0x000000000800b138                SSD1306_DrawPixel
 .text.SSD1306_GotoXY
                0x000000000800b1f4       0x2c Src/ssd1306.o
                0x000000000800b1f4                SSD1306_GotoXY
 .text.SSD1306_Putc
                0x000000000800b220      0x100 Src/ssd1306.o
                0x000000000800b220                SSD1306_Putc
 .text.SSD1306_Puts
                0x000000000800b320       0x4a Src/ssd1306.o
                0x000000000800b320                SSD1306_Puts
 .text.SSD1306_DrawLine
                0x000000000800b36a      0x1f6 Src/ssd1306.o
                0x000000000800b36a                SSD1306_DrawLine
 .text.SSD1306_DrawFilledRectangle
                0x000000000800b560       0x9a Src/ssd1306.o
                0x000000000800b560                SSD1306_DrawFilledRectangle
 .text.SSD1306_Clear
                0x000000000800b5fa        0xe Src/ssd1306.o
                0x000000000800b5fa                SSD1306_Clear
 .text.ssd1306_I2C_Init
                0x000000000800b608       0x28 Src/ssd1306.o
                0x000000000800b608                ssd1306_I2C_Init
 .text.ssd1306_I2C_WriteMulti
                0x000000000800b630       0x90 Src/ssd1306.o
                0x000000000800b630                ssd1306_I2C_WriteMulti
 .text.ssd1306_I2C_Write
                0x000000000800b6c0       0x3c Src/ssd1306.o
                0x000000000800b6c0                ssd1306_I2C_Write
 .text.HAL_MspInit
                0x000000000800b6fc       0x64 Src/stm32f1xx_hal_msp.o
                0x000000000800b6fc                HAL_MspInit
 .text.HAL_ADC_MspInit
                0x000000000800b760       0xcc Src/stm32f1xx_hal_msp.o
                0x000000000800b760                HAL_ADC_MspInit
 .text.HAL_I2C_MspInit
                0x000000000800b82c       0x7c Src/stm32f1xx_hal_msp.o
                0x000000000800b82c                HAL_I2C_MspInit
 .text.HAL_SPI_MspInit
                0x000000000800b8a8       0xd4 Src/stm32f1xx_hal_msp.o
                0x000000000800b8a8                HAL_SPI_MspInit
 .text.HAL_TIM_Base_MspInit
                0x000000000800b97c       0x4c Src/stm32f1xx_hal_msp.o
                0x000000000800b97c                HAL_TIM_Base_MspInit
 .text.NMI_Handler
                0x000000000800b9c8        0xc Src/stm32f1xx_it.o
                0x000000000800b9c8                NMI_Handler
 .text.HardFault_Handler
                0x000000000800b9d4        0x6 Src/stm32f1xx_it.o
                0x000000000800b9d4                HardFault_Handler
 .text.MemManage_Handler
                0x000000000800b9da        0x6 Src/stm32f1xx_it.o
                0x000000000800b9da                MemManage_Handler
 .text.BusFault_Handler
                0x000000000800b9e0        0x6 Src/stm32f1xx_it.o
                0x000000000800b9e0                BusFault_Handler
 .text.UsageFault_Handler
                0x000000000800b9e6        0x6 Src/stm32f1xx_it.o
                0x000000000800b9e6                UsageFault_Handler
 .text.SVC_Handler
                0x000000000800b9ec        0xc Src/stm32f1xx_it.o
                0x000000000800b9ec                SVC_Handler
 .text.DebugMon_Handler
                0x000000000800b9f8        0xc Src/stm32f1xx_it.o
                0x000000000800b9f8                DebugMon_Handler
 .text.PendSV_Handler
                0x000000000800ba04        0xc Src/stm32f1xx_it.o
                0x000000000800ba04                PendSV_Handler
 .text.SysTick_Handler
                0x000000000800ba10        0xc Src/stm32f1xx_it.o
                0x000000000800ba10                SysTick_Handler
 .text.DMA1_Channel5_IRQHandler
                0x000000000800ba1c       0x14 Src/stm32f1xx_it.o
                0x000000000800ba1c                DMA1_Channel5_IRQHandler
 .text.USB_LP_CAN1_RX0_IRQHandler
                0x000000000800ba30       0x14 Src/stm32f1xx_it.o
                0x000000000800ba30                USB_LP_CAN1_RX0_IRQHandler
 .text.TIM3_IRQHandler
                0x000000000800ba44       0xe8 Src/stm32f1xx_it.o
                0x000000000800ba44                TIM3_IRQHandler
 .text._sbrk    0x000000000800bb2c       0x58 Src/sysmem.o
                0x000000000800bb2c                _sbrk
 .text.SystemInit
                0x000000000800bb84       0x68 Src/system_stm32f1xx.o
                0x000000000800bb84                SystemInit
 .text.MX_USB_DEVICE_Init
                0x000000000800bbec       0x60 Src/usb_device.o
                0x000000000800bbec                MX_USB_DEVICE_Init
 .text.CDC_Init_FS
                0x000000000800bc4c       0x28 Src/usbd_cdc_if.o
 .text.CDC_DeInit_FS
                0x000000000800bc74        0xe Src/usbd_cdc_if.o
 *fill*         0x000000000800bc82        0x2 
 .text.CDC_Control_FS
                0x000000000800bc84       0xbc Src/usbd_cdc_if.o
 .text.CDC_Receive_FS
                0x000000000800bd40       0x28 Src/usbd_cdc_if.o
 .text.CDC_Transmit_FS
                0x000000000800bd68       0x4c Src/usbd_cdc_if.o
                0x000000000800bd68                CDC_Transmit_FS
 .text.HAL_PCD_MspInit
                0x000000000800bdb4       0x4c Src/usbd_conf.o
                0x000000000800bdb4                HAL_PCD_MspInit
 .text.HAL_PCD_SetupStageCallback
                0x000000000800be00       0x24 Src/usbd_conf.o
                0x000000000800be00                HAL_PCD_SetupStageCallback
 .text.HAL_PCD_DataOutStageCallback
                0x000000000800be24       0x30 Src/usbd_conf.o
                0x000000000800be24                HAL_PCD_DataOutStageCallback
 .text.HAL_PCD_DataInStageCallback
                0x000000000800be54       0x2e Src/usbd_conf.o
                0x000000000800be54                HAL_PCD_DataInStageCallback
 .text.HAL_PCD_SOFCallback
                0x000000000800be82       0x1c Src/usbd_conf.o
                0x000000000800be82                HAL_PCD_SOFCallback
 .text.HAL_PCD_ResetCallback
                0x000000000800be9e       0x3c Src/usbd_conf.o
                0x000000000800be9e                HAL_PCD_ResetCallback
 *fill*         0x000000000800beda        0x2 
 .text.HAL_PCD_SuspendCallback
                0x000000000800bedc       0x34 Src/usbd_conf.o
                0x000000000800bedc                HAL_PCD_SuspendCallback
 .text.HAL_PCD_ResumeCallback
                0x000000000800bf10       0x1c Src/usbd_conf.o
                0x000000000800bf10                HAL_PCD_ResumeCallback
 .text.USBD_LL_Init
                0x000000000800bf2c       0xb4 Src/usbd_conf.o
                0x000000000800bf2c                USBD_LL_Init
 .text.USBD_LL_Start
                0x000000000800bfe0       0x36 Src/usbd_conf.o
                0x000000000800bfe0                USBD_LL_Start
 .text.USBD_LL_OpenEP
                0x000000000800c016       0x4c Src/usbd_conf.o
                0x000000000800c016                USBD_LL_OpenEP
 .text.USBD_LL_CloseEP
                0x000000000800c062       0x3e Src/usbd_conf.o
                0x000000000800c062                USBD_LL_CloseEP
 .text.USBD_LL_StallEP
                0x000000000800c0a0       0x3e Src/usbd_conf.o
                0x000000000800c0a0                USBD_LL_StallEP
 .text.USBD_LL_ClearStallEP
                0x000000000800c0de       0x3e Src/usbd_conf.o
                0x000000000800c0de                USBD_LL_ClearStallEP
 .text.USBD_LL_IsStallEP
                0x000000000800c11c       0x4a Src/usbd_conf.o
                0x000000000800c11c                USBD_LL_IsStallEP
 .text.USBD_LL_SetUSBAddress
                0x000000000800c166       0x3e Src/usbd_conf.o
                0x000000000800c166                USBD_LL_SetUSBAddress
 .text.USBD_LL_Transmit
                0x000000000800c1a4       0x46 Src/usbd_conf.o
                0x000000000800c1a4                USBD_LL_Transmit
 .text.USBD_LL_PrepareReceive
                0x000000000800c1ea       0x46 Src/usbd_conf.o
                0x000000000800c1ea                USBD_LL_PrepareReceive
 .text.USBD_LL_GetRxDataSize
                0x000000000800c230       0x26 Src/usbd_conf.o
                0x000000000800c230                USBD_LL_GetRxDataSize
 *fill*         0x000000000800c256        0x2 
 .text.USBD_static_malloc
                0x000000000800c258       0x18 Src/usbd_conf.o
                0x000000000800c258                USBD_static_malloc
 .text.USBD_static_free
                0x000000000800c270       0x12 Src/usbd_conf.o
                0x000000000800c270                USBD_static_free
 .text.HAL_PCDEx_SetConnectionState
                0x000000000800c282       0x16 Src/usbd_conf.o
                0x000000000800c282                HAL_PCDEx_SetConnectionState
 .text.USBD_Get_USB_Status
                0x000000000800c298       0x58 Src/usbd_conf.o
 .text.USBD_FS_DeviceDescriptor
                0x000000000800c2f0       0x24 Src/usbd_desc.o
                0x000000000800c2f0                USBD_FS_DeviceDescriptor
 .text.USBD_FS_LangIDStrDescriptor
                0x000000000800c314       0x24 Src/usbd_desc.o
                0x000000000800c314                USBD_FS_LangIDStrDescriptor
 .text.USBD_FS_ProductStrDescriptor
                0x000000000800c338       0x3c Src/usbd_desc.o
                0x000000000800c338                USBD_FS_ProductStrDescriptor
 .text.USBD_FS_ManufacturerStrDescriptor
                0x000000000800c374       0x28 Src/usbd_desc.o
                0x000000000800c374                USBD_FS_ManufacturerStrDescriptor
 .text.USBD_FS_SerialStrDescriptor
                0x000000000800c39c       0x24 Src/usbd_desc.o
                0x000000000800c39c                USBD_FS_SerialStrDescriptor
 .text.USBD_FS_ConfigStrDescriptor
                0x000000000800c3c0       0x3c Src/usbd_desc.o
                0x000000000800c3c0                USBD_FS_ConfigStrDescriptor
 .text.USBD_FS_InterfaceStrDescriptor
                0x000000000800c3fc       0x3c Src/usbd_desc.o
                0x000000000800c3fc                USBD_FS_InterfaceStrDescriptor
 .text.Get_SerialNum
                0x000000000800c438       0x58 Src/usbd_desc.o
 .text.IntToUnicode
                0x000000000800c490       0x7a Src/usbd_desc.o
 *fill*         0x000000000800c50a        0x2 
 .text.Reset_Handler
                0x000000000800c50c       0x48 Startup/startup_stm32f103c8tx.o
                0x000000000800c50c                Reset_Handler
 .text.Default_Handler
                0x000000000800c554        0x2 Startup/startup_stm32f103c8tx.o
                0x000000000800c554                RTC_Alarm_IRQHandler
                0x000000000800c554                EXTI2_IRQHandler
                0x000000000800c554                TIM1_CC_IRQHandler
                0x000000000800c554                PVD_IRQHandler
                0x000000000800c554                EXTI3_IRQHandler
                0x000000000800c554                EXTI0_IRQHandler
                0x000000000800c554                I2C2_EV_IRQHandler
                0x000000000800c554                ADC1_2_IRQHandler
                0x000000000800c554                SPI1_IRQHandler
                0x000000000800c554                TAMPER_IRQHandler
                0x000000000800c554                DMA1_Channel4_IRQHandler
                0x000000000800c554                USART3_IRQHandler
                0x000000000800c554                RTC_IRQHandler
                0x000000000800c554                DMA1_Channel7_IRQHandler
                0x000000000800c554                CAN1_RX1_IRQHandler
                0x000000000800c554                TIM4_IRQHandler
                0x000000000800c554                I2C1_EV_IRQHandler
                0x000000000800c554                DMA1_Channel6_IRQHandler
                0x000000000800c554                RCC_IRQHandler
                0x000000000800c554                TIM1_TRG_COM_IRQHandler
                0x000000000800c554                DMA1_Channel1_IRQHandler
                0x000000000800c554                Default_Handler
                0x000000000800c554                EXTI15_10_IRQHandler
                0x000000000800c554                EXTI9_5_IRQHandler
                0x000000000800c554                SPI2_IRQHandler
                0x000000000800c554                EXTI4_IRQHandler
                0x000000000800c554                USB_HP_CAN1_TX_IRQHandler
                0x000000000800c554                DMA1_Channel3_IRQHandler
                0x000000000800c554                TIM1_UP_IRQHandler
                0x000000000800c554                WWDG_IRQHandler
                0x000000000800c554                TIM2_IRQHandler
                0x000000000800c554                TIM1_BRK_IRQHandler
                0x000000000800c554                EXTI1_IRQHandler
                0x000000000800c554                USART2_IRQHandler
                0x000000000800c554                I2C2_ER_IRQHandler
                0x000000000800c554                DMA1_Channel2_IRQHandler
                0x000000000800c554                CAN1_SCE_IRQHandler
                0x000000000800c554                FLASH_IRQHandler
                0x000000000800c554                USART1_IRQHandler
                0x000000000800c554                I2C1_ER_IRQHandler
                0x000000000800c554                USBWakeUp_IRQHandler
 *fill*         0x000000000800c556        0x2 
 .text.__errno  0x000000000800c558        0xc c:/st/stm32cubeide_1.0.1/stm32cubeide/plugins/com.st.stm32cube.ide.mcu.externaltools.gnu-tools-for-stm32.7-2018-q2-update.win32_1.0.0.201904181610/tools/bin/../lib/gcc/arm-none-eabi/7.3.1/../../../../arm-none-eabi/lib/thumb/v7-m\libc_nano.a(lib_a-errno.o)
                0x000000000800c558                __errno
 .text.__libc_init_array
                0x000000000800c564       0x48 c:/st/stm32cubeide_1.0.1/stm32cubeide/plugins/com.st.stm32cube.ide.mcu.externaltools.gnu-tools-for-stm32.7-2018-q2-update.win32_1.0.0.201904181610/tools/bin/../lib/gcc/arm-none-eabi/7.3.1/../../../../arm-none-eabi/lib/thumb/v7-m\libc_nano.a(lib_a-init.o)
                0x000000000800c564                __libc_init_array
 .text.memset   0x000000000800c5ac       0x10 c:/st/stm32cubeide_1.0.1/stm32cubeide/plugins/com.st.stm32cube.ide.mcu.externaltools.gnu-tools-for-stm32.7-2018-q2-update.win32_1.0.0.201904181610/tools/bin/../lib/gcc/arm-none-eabi/7.3.1/../../../../arm-none-eabi/lib/thumb/v7-m\libc_nano.a(lib_a-memset.o)
                0x000000000800c5ac                memset
 .text.__cvt    0x000000000800c5bc       0xb8 c:/st/stm32cubeide_1.0.1/stm32cubeide/plugins/com.st.stm32cube.ide.mcu.externaltools.gnu-tools-for-stm32.7-2018-q2-update.win32_1.0.0.201904181610/tools/bin/../lib/gcc/arm-none-eabi/7.3.1/../../../../arm-none-eabi/lib/thumb/v7-m\libc_nano.a(lib_a-nano-vfprintf_float.o)
                0x000000000800c5bc                __cvt
 .text.__exponent
                0x000000000800c674       0x6a c:/st/stm32cubeide_1.0.1/stm32cubeide/plugins/com.st.stm32cube.ide.mcu.externaltools.gnu-tools-for-stm32.7-2018-q2-update.win32_1.0.0.201904181610/tools/bin/../lib/gcc/arm-none-eabi/7.3.1/../../../../arm-none-eabi/lib/thumb/v7-m\libc_nano.a(lib_a-nano-vfprintf_float.o)
                0x000000000800c674                __exponent
 *fill*         0x000000000800c6de        0x2 
 .text._printf_float
                0x000000000800c6e0      0x46c c:/st/stm32cubeide_1.0.1/stm32cubeide/plugins/com.st.stm32cube.ide.mcu.externaltools.gnu-tools-for-stm32.7-2018-q2-update.win32_1.0.0.201904181610/tools/bin/../lib/gcc/arm-none-eabi/7.3.1/../../../../arm-none-eabi/lib/thumb/v7-m\libc_nano.a(lib_a-nano-vfprintf_float.o)
                0x000000000800c6e0                _printf_float
 .text._printf_common
                0x000000000800cb4c       0xec c:/st/stm32cubeide_1.0.1/stm32cubeide/plugins/com.st.stm32cube.ide.mcu.externaltools.gnu-tools-for-stm32.7-2018-q2-update.win32_1.0.0.201904181610/tools/bin/../lib/gcc/arm-none-eabi/7.3.1/../../../../arm-none-eabi/lib/thumb/v7-m\libc_nano.a(lib_a-nano-vfprintf_i.o)
                0x000000000800cb4c                _printf_common
 .text._printf_i
                0x000000000800cc38      0x224 c:/st/stm32cubeide_1.0.1/stm32cubeide/plugins/com.st.stm32cube.ide.mcu.externaltools.gnu-tools-for-stm32.7-2018-q2-update.win32_1.0.0.201904181610/tools/bin/../lib/gcc/arm-none-eabi/7.3.1/../../../../arm-none-eabi/lib/thumb/v7-m\libc_nano.a(lib_a-nano-vfprintf_i.o)
                0x000000000800cc38                _printf_i
 .text.rand     0x000000000800ce5c       0x68 c:/st/stm32cubeide_1.0.1/stm32cubeide/plugins/com.st.stm32cube.ide.mcu.externaltools.gnu-tools-for-stm32.7-2018-q2-update.win32_1.0.0.201904181610/tools/bin/../lib/gcc/arm-none-eabi/7.3.1/../../../../arm-none-eabi/lib/thumb/v7-m\libc_nano.a(lib_a-rand.o)
                0x000000000800ce5c                rand
 .text.sprintf  0x000000000800cec4       0x40 c:/st/stm32cubeide_1.0.1/stm32cubeide/plugins/com.st.stm32cube.ide.mcu.externaltools.gnu-tools-for-stm32.7-2018-q2-update.win32_1.0.0.201904181610/tools/bin/../lib/gcc/arm-none-eabi/7.3.1/../../../../arm-none-eabi/lib/thumb/v7-m\libc_nano.a(lib_a-sprintf.o)
                0x000000000800cec4                siprintf
                0x000000000800cec4                sprintf
 .text.quorem   0x000000000800cf04      0x11c c:/st/stm32cubeide_1.0.1/stm32cubeide/plugins/com.st.stm32cube.ide.mcu.externaltools.gnu-tools-for-stm32.7-2018-q2-update.win32_1.0.0.201904181610/tools/bin/../lib/gcc/arm-none-eabi/7.3.1/../../../../arm-none-eabi/lib/thumb/v7-m\libc_nano.a(lib_a-dtoa.o)
 .text._dtoa_r  0x000000000800d020      0xb68 c:/st/stm32cubeide_1.0.1/stm32cubeide/plugins/com.st.stm32cube.ide.mcu.externaltools.gnu-tools-for-stm32.7-2018-q2-update.win32_1.0.0.201904181610/tools/bin/../lib/gcc/arm-none-eabi/7.3.1/../../../../arm-none-eabi/lib/thumb/v7-m\libc_nano.a(lib_a-dtoa.o)
                0x000000000800d020                _dtoa_r
 .text._localeconv_r
                0x000000000800db88       0x1c c:/st/stm32cubeide_1.0.1/stm32cubeide/plugins/com.st.stm32cube.ide.mcu.externaltools.gnu-tools-for-stm32.7-2018-q2-update.win32_1.0.0.201904181610/tools/bin/../lib/gcc/arm-none-eabi/7.3.1/../../../../arm-none-eabi/lib/thumb/v7-m\libc_nano.a(lib_a-localeconv.o)
                0x000000000800db88                _localeconv_r
 .text.malloc   0x000000000800dba4       0x10 c:/st/stm32cubeide_1.0.1/stm32cubeide/plugins/com.st.stm32cube.ide.mcu.externaltools.gnu-tools-for-stm32.7-2018-q2-update.win32_1.0.0.201904181610/tools/bin/../lib/gcc/arm-none-eabi/7.3.1/../../../../arm-none-eabi/lib/thumb/v7-m\libc_nano.a(lib_a-malloc.o)
                0x000000000800dba4                malloc
 .text.memchr   0x000000000800dbb4       0x1c c:/st/stm32cubeide_1.0.1/stm32cubeide/plugins/com.st.stm32cube.ide.mcu.externaltools.gnu-tools-for-stm32.7-2018-q2-update.win32_1.0.0.201904181610/tools/bin/../lib/gcc/arm-none-eabi/7.3.1/../../../../arm-none-eabi/lib/thumb/v7-m\libc_nano.a(lib_a-memchr-stub.o)
                0x000000000800dbb4                memchr
 .text.memcpy   0x000000000800dbd0       0x16 c:/st/stm32cubeide_1.0.1/stm32cubeide/plugins/com.st.stm32cube.ide.mcu.externaltools.gnu-tools-for-stm32.7-2018-q2-update.win32_1.0.0.201904181610/tools/bin/../lib/gcc/arm-none-eabi/7.3.1/../../../../arm-none-eabi/lib/thumb/v7-m\libc_nano.a(lib_a-memcpy-stub.o)
                0x000000000800dbd0                memcpy
 .text._Balloc  0x000000000800dbe6       0x68 c:/st/stm32cubeide_1.0.1/stm32cubeide/plugins/com.st.stm32cube.ide.mcu.externaltools.gnu-tools-for-stm32.7-2018-q2-update.win32_1.0.0.201904181610/tools/bin/../lib/gcc/arm-none-eabi/7.3.1/../../../../arm-none-eabi/lib/thumb/v7-m\libc_nano.a(lib_a-mprec.o)
                0x000000000800dbe6                _Balloc
 .text._Bfree   0x000000000800dc4e       0x2e c:/st/stm32cubeide_1.0.1/stm32cubeide/plugins/com.st.stm32cube.ide.mcu.externaltools.gnu-tools-for-stm32.7-2018-q2-update.win32_1.0.0.201904181610/tools/bin/../lib/gcc/arm-none-eabi/7.3.1/../../../../arm-none-eabi/lib/thumb/v7-m\libc_nano.a(lib_a-mprec.o)
                0x000000000800dc4e                _Bfree
 .text.__multadd
                0x000000000800dc7c       0x76 c:/st/stm32cubeide_1.0.1/stm32cubeide/plugins/com.st.stm32cube.ide.mcu.externaltools.gnu-tools-for-stm32.7-2018-q2-update.win32_1.0.0.201904181610/tools/bin/../lib/gcc/arm-none-eabi/7.3.1/../../../../arm-none-eabi/lib/thumb/v7-m\libc_nano.a(lib_a-mprec.o)
                0x000000000800dc7c                __multadd
 .text.__hi0bits
                0x000000000800dcf2       0x3e c:/st/stm32cubeide_1.0.1/stm32cubeide/plugins/com.st.stm32cube.ide.mcu.externaltools.gnu-tools-for-stm32.7-2018-q2-update.win32_1.0.0.201904181610/tools/bin/../lib/gcc/arm-none-eabi/7.3.1/../../../../arm-none-eabi/lib/thumb/v7-m\libc_nano.a(lib_a-mprec.o)
                0x000000000800dcf2                __hi0bits
 .text.__lo0bits
                0x000000000800dd30       0x5e c:/st/stm32cubeide_1.0.1/stm32cubeide/plugins/com.st.stm32cube.ide.mcu.externaltools.gnu-tools-for-stm32.7-2018-q2-update.win32_1.0.0.201904181610/tools/bin/../lib/gcc/arm-none-eabi/7.3.1/../../../../arm-none-eabi/lib/thumb/v7-m\libc_nano.a(lib_a-mprec.o)
                0x000000000800dd30                __lo0bits
 .text.__i2b    0x000000000800dd8e       0x12 c:/st/stm32cubeide_1.0.1/stm32cubeide/plugins/com.st.stm32cube.ide.mcu.externaltools.gnu-tools-for-stm32.7-2018-q2-update.win32_1.0.0.201904181610/tools/bin/../lib/gcc/arm-none-eabi/7.3.1/../../../../arm-none-eabi/lib/thumb/v7-m\libc_nano.a(lib_a-mprec.o)
                0x000000000800dd8e                __i2b
 .text.__multiply
                0x000000000800dda0      0x12a c:/st/stm32cubeide_1.0.1/stm32cubeide/plugins/com.st.stm32cube.ide.mcu.externaltools.gnu-tools-for-stm32.7-2018-q2-update.win32_1.0.0.201904181610/tools/bin/../lib/gcc/arm-none-eabi/7.3.1/../../../../arm-none-eabi/lib/thumb/v7-m\libc_nano.a(lib_a-mprec.o)
                0x000000000800dda0                __multiply
 *fill*         0x000000000800deca        0x2 
 .text.__pow5mult
                0x000000000800decc       0x9c c:/st/stm32cubeide_1.0.1/stm32cubeide/plugins/com.st.stm32cube.ide.mcu.externaltools.gnu-tools-for-stm32.7-2018-q2-update.win32_1.0.0.201904181610/tools/bin/../lib/gcc/arm-none-eabi/7.3.1/../../../../arm-none-eabi/lib/thumb/v7-m\libc_nano.a(lib_a-mprec.o)
                0x000000000800decc                __pow5mult
 .text.__lshift
                0x000000000800df68       0xa8 c:/st/stm32cubeide_1.0.1/stm32cubeide/plugins/com.st.stm32cube.ide.mcu.externaltools.gnu-tools-for-stm32.7-2018-q2-update.win32_1.0.0.201904181610/tools/bin/../lib/gcc/arm-none-eabi/7.3.1/../../../../arm-none-eabi/lib/thumb/v7-m\libc_nano.a(lib_a-mprec.o)
                0x000000000800df68                __lshift
 .text.__mcmp   0x000000000800e010       0x34 c:/st/stm32cubeide_1.0.1/stm32cubeide/plugins/com.st.stm32cube.ide.mcu.externaltools.gnu-tools-for-stm32.7-2018-q2-update.win32_1.0.0.201904181610/tools/bin/../lib/gcc/arm-none-eabi/7.3.1/../../../../arm-none-eabi/lib/thumb/v7-m\libc_nano.a(lib_a-mprec.o)
                0x000000000800e010                __mcmp
 .text.__mdiff  0x000000000800e044       0xbc c:/st/stm32cubeide_1.0.1/stm32cubeide/plugins/com.st.stm32cube.ide.mcu.externaltools.gnu-tools-for-stm32.7-2018-q2-update.win32_1.0.0.201904181610/tools/bin/../lib/gcc/arm-none-eabi/7.3.1/../../../../arm-none-eabi/lib/thumb/v7-m\libc_nano.a(lib_a-mprec.o)
                0x000000000800e044                __mdiff
 .text.__d2b    0x000000000800e100       0x9e c:/st/stm32cubeide_1.0.1/stm32cubeide/plugins/com.st.stm32cube.ide.mcu.externaltools.gnu-tools-for-stm32.7-2018-q2-update.win32_1.0.0.201904181610/tools/bin/../lib/gcc/arm-none-eabi/7.3.1/../../../../arm-none-eabi/lib/thumb/v7-m\libc_nano.a(lib_a-mprec.o)
                0x000000000800e100                __d2b
 .text._calloc_r
                0x000000000800e19e       0x1c c:/st/stm32cubeide_1.0.1/stm32cubeide/plugins/com.st.stm32cube.ide.mcu.externaltools.gnu-tools-for-stm32.7-2018-q2-update.win32_1.0.0.201904181610/tools/bin/../lib/gcc/arm-none-eabi/7.3.1/../../../../arm-none-eabi/lib/thumb/v7-m\libc_nano.a(lib_a-nano-callocr.o)
                0x000000000800e19e                _calloc_r
 *fill*         0x000000000800e1ba        0x2 
 .text._free_r  0x000000000800e1bc       0x98 c:/st/stm32cubeide_1.0.1/stm32cubeide/plugins/com.st.stm32cube.ide.mcu.externaltools.gnu-tools-for-stm32.7-2018-q2-update.win32_1.0.0.201904181610/tools/bin/../lib/gcc/arm-none-eabi/7.3.1/../../../../arm-none-eabi/lib/thumb/v7-m\libc_nano.a(lib_a-nano-freer.o)
                0x000000000800e1bc                _free_r
 .text._malloc_r
                0x000000000800e254       0xb4 c:/st/stm32cubeide_1.0.1/stm32cubeide/plugins/com.st.stm32cube.ide.mcu.externaltools.gnu-tools-for-stm32.7-2018-q2-update.win32_1.0.0.201904181610/tools/bin/../lib/gcc/arm-none-eabi/7.3.1/../../../../arm-none-eabi/lib/thumb/v7-m\libc_nano.a(lib_a-nano-mallocr.o)
                0x000000000800e254                _malloc_r
 .text.__ssputs_r
                0x000000000800e308       0xb4 c:/st/stm32cubeide_1.0.1/stm32cubeide/plugins/com.st.stm32cube.ide.mcu.externaltools.gnu-tools-for-stm32.7-2018-q2-update.win32_1.0.0.201904181610/tools/bin/../lib/gcc/arm-none-eabi/7.3.1/../../../../arm-none-eabi/lib/thumb/v7-m\libc_nano.a(lib_a-nano-svfprintf.o)
                0x000000000800e308                __ssputs_r
 .text._svfprintf_r
                0x000000000800e3bc      0x1f0 c:/st/stm32cubeide_1.0.1/stm32cubeide/plugins/com.st.stm32cube.ide.mcu.externaltools.gnu-tools-for-stm32.7-2018-q2-update.win32_1.0.0.201904181610/tools/bin/../lib/gcc/arm-none-eabi/7.3.1/../../../../arm-none-eabi/lib/thumb/v7-m\libc_nano.a(lib_a-nano-svfprintf.o)
                0x000000000800e3bc                _svfiprintf_r
                0x000000000800e3bc                _svfprintf_r
 .text._sbrk_r  0x000000000800e5ac       0x20 c:/st/stm32cubeide_1.0.1/stm32cubeide/plugins/com.st.stm32cube.ide.mcu.externaltools.gnu-tools-for-stm32.7-2018-q2-update.win32_1.0.0.201904181610/tools/bin/../lib/gcc/arm-none-eabi/7.3.1/../../../../arm-none-eabi/lib/thumb/v7-m\libc_nano.a(lib_a-sbrkr.o)
                0x000000000800e5ac                _sbrk_r
 .text.__ascii_mbtowc
                0x000000000800e5cc       0x24 c:/st/stm32cubeide_1.0.1/stm32cubeide/plugins/com.st.stm32cube.ide.mcu.externaltools.gnu-tools-for-stm32.7-2018-q2-update.win32_1.0.0.201904181610/tools/bin/../lib/gcc/arm-none-eabi/7.3.1/../../../../arm-none-eabi/lib/thumb/v7-m\libc_nano.a(lib_a-mbtowc_r.o)
                0x000000000800e5cc                __ascii_mbtowc
 .text.memmove  0x000000000800e5f0       0x32 c:/st/stm32cubeide_1.0.1/stm32cubeide/plugins/com.st.stm32cube.ide.mcu.externaltools.gnu-tools-for-stm32.7-2018-q2-update.win32_1.0.0.201904181610/tools/bin/../lib/gcc/arm-none-eabi/7.3.1/../../../../arm-none-eabi/lib/thumb/v7-m\libc_nano.a(lib_a-memmove.o)
                0x000000000800e5f0                memmove
 .text.__malloc_lock
                0x000000000800e622        0x2 c:/st/stm32cubeide_1.0.1/stm32cubeide/plugins/com.st.stm32cube.ide.mcu.externaltools.gnu-tools-for-stm32.7-2018-q2-update.win32_1.0.0.201904181610/tools/bin/../lib/gcc/arm-none-eabi/7.3.1/../../../../arm-none-eabi/lib/thumb/v7-m\libc_nano.a(lib_a-mlock.o)
                0x000000000800e622                __malloc_lock
 .text.__malloc_unlock
                0x000000000800e624        0x2 c:/st/stm32cubeide_1.0.1/stm32cubeide/plugins/com.st.stm32cube.ide.mcu.externaltools.gnu-tools-for-stm32.7-2018-q2-update.win32_1.0.0.201904181610/tools/bin/../lib/gcc/arm-none-eabi/7.3.1/../../../../arm-none-eabi/lib/thumb/v7-m\libc_nano.a(lib_a-mlock.o)
                0x000000000800e624                __malloc_unlock
 .text._realloc_r
                0x000000000800e626       0x4c c:/st/stm32cubeide_1.0.1/stm32cubeide/plugins/com.st.stm32cube.ide.mcu.externaltools.gnu-tools-for-stm32.7-2018-q2-update.win32_1.0.0.201904181610/tools/bin/../lib/gcc/arm-none-eabi/7.3.1/../../../../arm-none-eabi/lib/thumb/v7-m\libc_nano.a(lib_a-nano-reallocr.o)
                0x000000000800e626                _realloc_r
 .text.__ascii_wctomb
                0x000000000800e672       0x1a c:/st/stm32cubeide_1.0.1/stm32cubeide/plugins/com.st.stm32cube.ide.mcu.externaltools.gnu-tools-for-stm32.7-2018-q2-update.win32_1.0.0.201904181610/tools/bin/../lib/gcc/arm-none-eabi/7.3.1/../../../../arm-none-eabi/lib/thumb/v7-m\libc_nano.a(lib_a-wctomb_r.o)
                0x000000000800e672                __ascii_wctomb
 .text._malloc_usable_size_r
                0x000000000800e68c       0x10 c:/st/stm32cubeide_1.0.1/stm32cubeide/plugins/com.st.stm32cube.ide.mcu.externaltools.gnu-tools-for-stm32.7-2018-q2-update.win32_1.0.0.201904181610/tools/bin/../lib/gcc/arm-none-eabi/7.3.1/../../../../arm-none-eabi/lib/thumb/v7-m\libc_nano.a(lib_a-nano-msizer.o)
                0x000000000800e68c                _malloc_usable_size_r
 .text.cos      0x000000000800e69c       0x6c c:/st/stm32cubeide_1.0.1/stm32cubeide/plugins/com.st.stm32cube.ide.mcu.externaltools.gnu-tools-for-stm32.7-2018-q2-update.win32_1.0.0.201904181610/tools/bin/../lib/gcc/arm-none-eabi/7.3.1/../../../../arm-none-eabi/lib/thumb/v7-m\libm.a(lib_a-s_cos.o)
                0x000000000800e69c                cos
 .text.pow      0x000000000800e708      0x2b8 c:/st/stm32cubeide_1.0.1/stm32cubeide/plugins/com.st.stm32cube.ide.mcu.externaltools.gnu-tools-for-stm32.7-2018-q2-update.win32_1.0.0.201904181610/tools/bin/../lib/gcc/arm-none-eabi/7.3.1/../../../../arm-none-eabi/lib/thumb/v7-m\libm.a(lib_a-w_pow.o)
                0x000000000800e708                pow
 .text.sqrt     0x000000000800e9c0       0xa8 c:/st/stm32cubeide_1.0.1/stm32cubeide/plugins/com.st.stm32cube.ide.mcu.externaltools.gnu-tools-for-stm32.7-2018-q2-update.win32_1.0.0.201904181610/tools/bin/../lib/gcc/arm-none-eabi/7.3.1/../../../../arm-none-eabi/lib/thumb/v7-m\libm.a(lib_a-w_sqrt.o)
                0x000000000800e9c0                sqrt
 .text.__ieee754_pow
                0x000000000800ea68      0xa14 c:/st/stm32cubeide_1.0.1/stm32cubeide/plugins/com.st.stm32cube.ide.mcu.externaltools.gnu-tools-for-stm32.7-2018-q2-update.win32_1.0.0.201904181610/tools/bin/../lib/gcc/arm-none-eabi/7.3.1/../../../../arm-none-eabi/lib/thumb/v7-m\libm.a(lib_a-e_pow.o)
                0x000000000800ea68                __ieee754_pow
 *fill*         0x000000000800f47c        0x4 
 .text.__ieee754_rem_pio2
                0x000000000800f480      0x3e0 c:/st/stm32cubeide_1.0.1/stm32cubeide/plugins/com.st.stm32cube.ide.mcu.externaltools.gnu-tools-for-stm32.7-2018-q2-update.win32_1.0.0.201904181610/tools/bin/../lib/gcc/arm-none-eabi/7.3.1/../../../../arm-none-eabi/lib/thumb/v7-m\libm.a(lib_a-e_rem_pio2.o)
                0x000000000800f480                __ieee754_rem_pio2
 .text.__ieee754_sqrt
                0x000000000800f860      0x158 c:/st/stm32cubeide_1.0.1/stm32cubeide/plugins/com.st.stm32cube.ide.mcu.externaltools.gnu-tools-for-stm32.7-2018-q2-update.win32_1.0.0.201904181610/tools/bin/../lib/gcc/arm-none-eabi/7.3.1/../../../../arm-none-eabi/lib/thumb/v7-m\libm.a(lib_a-e_sqrt.o)
                0x000000000800f860                __ieee754_sqrt
 .text.__kernel_cos
                0x000000000800f9b8      0x17c c:/st/stm32cubeide_1.0.1/stm32cubeide/plugins/com.st.stm32cube.ide.mcu.externaltools.gnu-tools-for-stm32.7-2018-q2-update.win32_1.0.0.201904181610/tools/bin/../lib/gcc/arm-none-eabi/7.3.1/../../../../arm-none-eabi/lib/thumb/v7-m\libm.a(lib_a-k_cos.o)
                0x000000000800f9b8                __kernel_cos
 .text.__kernel_rem_pio2
                0x000000000800fb34      0x694 c:/st/stm32cubeide_1.0.1/stm32cubeide/plugins/com.st.stm32cube.ide.mcu.externaltools.gnu-tools-for-stm32.7-2018-q2-update.win32_1.0.0.201904181610/tools/bin/../lib/gcc/arm-none-eabi/7.3.1/../../../../arm-none-eabi/lib/thumb/v7-m\libm.a(lib_a-k_rem_pio2.o)
                0x000000000800fb34                __kernel_rem_pio2
 .text.__kernel_sin
                0x00000000080101c8      0x16c c:/st/stm32cubeide_1.0.1/stm32cubeide/plugins/com.st.stm32cube.ide.mcu.externaltools.gnu-tools-for-stm32.7-2018-q2-update.win32_1.0.0.201904181610/tools/bin/../lib/gcc/arm-none-eabi/7.3.1/../../../../arm-none-eabi/lib/thumb/v7-m\libm.a(lib_a-k_sin.o)
                0x00000000080101c8                __kernel_sin
 .text.fabs     0x0000000008010334        0x8 c:/st/stm32cubeide_1.0.1/stm32cubeide/plugins/com.st.stm32cube.ide.mcu.externaltools.gnu-tools-for-stm32.7-2018-q2-update.win32_1.0.0.201904181610/tools/bin/../lib/gcc/arm-none-eabi/7.3.1/../../../../arm-none-eabi/lib/thumb/v7-m\libm.a(lib_a-s_fabs.o)
                0x0000000008010334                fabs
 .text.finite   0x000000000801033c        0xc c:/st/stm32cubeide_1.0.1/stm32cubeide/plugins/com.st.stm32cube.ide.mcu.externaltools.gnu-tools-for-stm32.7-2018-q2-update.win32_1.0.0.201904181610/tools/bin/../lib/gcc/arm-none-eabi/7.3.1/../../../../arm-none-eabi/lib/thumb/v7-m\libm.a(lib_a-s_finite.o)
                0x000000000801033c                finite
 .text.floor    0x0000000008010348      0x108 c:/st/stm32cubeide_1.0.1/stm32cubeide/plugins/com.st.stm32cube.ide.mcu.externaltools.gnu-tools-for-stm32.7-2018-q2-update.win32_1.0.0.201904181610/tools/bin/../lib/gcc/arm-none-eabi/7.3.1/../../../../arm-none-eabi/lib/thumb/v7-m\libm.a(lib_a-s_floor.o)
                0x0000000008010348                floor
 .text.matherr  0x0000000008010450        0x4 c:/st/stm32cubeide_1.0.1/stm32cubeide/plugins/com.st.stm32cube.ide.mcu.externaltools.gnu-tools-for-stm32.7-2018-q2-update.win32_1.0.0.201904181610/tools/bin/../lib/gcc/arm-none-eabi/7.3.1/../../../../arm-none-eabi/lib/thumb/v7-m\libm.a(lib_a-s_matherr.o)
                0x0000000008010450                matherr
 .text.nan      0x0000000008010454        0xc c:/st/stm32cubeide_1.0.1/stm32cubeide/plugins/com.st.stm32cube.ide.mcu.externaltools.gnu-tools-for-stm32.7-2018-q2-update.win32_1.0.0.201904181610/tools/bin/../lib/gcc/arm-none-eabi/7.3.1/../../../../arm-none-eabi/lib/thumb/v7-m\libm.a(lib_a-s_nan.o)
                0x0000000008010454                nan
 .text.rint     0x0000000008010460      0x114 c:/st/stm32cubeide_1.0.1/stm32cubeide/plugins/com.st.stm32cube.ide.mcu.externaltools.gnu-tools-for-stm32.7-2018-q2-update.win32_1.0.0.201904181610/tools/bin/../lib/gcc/arm-none-eabi/7.3.1/../../../../arm-none-eabi/lib/thumb/v7-m\libm.a(lib_a-s_rint.o)
                0x0000000008010460                rint
 *fill*         0x0000000008010574        0x4 
 .text.scalbn   0x0000000008010578       0xdc c:/st/stm32cubeide_1.0.1/stm32cubeide/plugins/com.st.stm32cube.ide.mcu.externaltools.gnu-tools-for-stm32.7-2018-q2-update.win32_1.0.0.201904181610/tools/bin/../lib/gcc/arm-none-eabi/7.3.1/../../../../arm-none-eabi/lib/thumb/v7-m\libm.a(lib_a-s_scalbn.o)
                0x0000000008010578                scalbn
 .text.copysign
                0x0000000008010654       0x12 c:/st/stm32cubeide_1.0.1/stm32cubeide/plugins/com.st.stm32cube.ide.mcu.externaltools.gnu-tools-for-stm32.7-2018-q2-update.win32_1.0.0.201904181610/tools/bin/../lib/gcc/arm-none-eabi/7.3.1/../../../../arm-none-eabi/lib/thumb/v7-m\libm.a(lib_a-s_copysign.o)
                0x0000000008010654                copysign
 *(.glue_7)
 .glue_7        0x0000000008010666        0x0 linker stubs
 *(.glue_7t)
 .glue_7t       0x0000000008010666        0x0 linker stubs
 *(.eh_frame)
 *fill*         0x0000000008010666        0x2 
 .eh_frame      0x0000000008010668        0x0 c:/st/stm32cubeide_1.0.1/stm32cubeide/plugins/com.st.stm32cube.ide.mcu.externaltools.gnu-tools-for-stm32.7-2018-q2-update.win32_1.0.0.201904181610/tools/bin/../lib/gcc/arm-none-eabi/7.3.1/thumb/v7-m/crtbegin.o
 *(.init)
 .init          0x0000000008010668        0x4 c:/st/stm32cubeide_1.0.1/stm32cubeide/plugins/com.st.stm32cube.ide.mcu.externaltools.gnu-tools-for-stm32.7-2018-q2-update.win32_1.0.0.201904181610/tools/bin/../lib/gcc/arm-none-eabi/7.3.1/thumb/v7-m/crti.o
                0x0000000008010668                _init
 .init          0x000000000801066c        0x8 c:/st/stm32cubeide_1.0.1/stm32cubeide/plugins/com.st.stm32cube.ide.mcu.externaltools.gnu-tools-for-stm32.7-2018-q2-update.win32_1.0.0.201904181610/tools/bin/../lib/gcc/arm-none-eabi/7.3.1/thumb/v7-m/crtn.o
 *(.fini)
 .fini          0x0000000008010674        0x4 c:/st/stm32cubeide_1.0.1/stm32cubeide/plugins/com.st.stm32cube.ide.mcu.externaltools.gnu-tools-for-stm32.7-2018-q2-update.win32_1.0.0.201904181610/tools/bin/../lib/gcc/arm-none-eabi/7.3.1/thumb/v7-m/crti.o
                0x0000000008010674                _fini
 .fini          0x0000000008010678        0x8 c:/st/stm32cubeide_1.0.1/stm32cubeide/plugins/com.st.stm32cube.ide.mcu.externaltools.gnu-tools-for-stm32.7-2018-q2-update.win32_1.0.0.201904181610/tools/bin/../lib/gcc/arm-none-eabi/7.3.1/thumb/v7-m/crtn.o
                0x0000000008010680                . = ALIGN (0x4)
                0x0000000008010680                _etext = .

.vfp11_veneer   0x0000000008010680        0x0
 .vfp11_veneer  0x0000000008010680        0x0 linker stubs

.v4_bx          0x0000000008010680        0x0
 .v4_bx         0x0000000008010680        0x0 linker stubs

.iplt           0x0000000008010680        0x0
 .iplt          0x0000000008010680        0x0 c:/st/stm32cubeide_1.0.1/stm32cubeide/plugins/com.st.stm32cube.ide.mcu.externaltools.gnu-tools-for-stm32.7-2018-q2-update.win32_1.0.0.201904181610/tools/bin/../lib/gcc/arm-none-eabi/7.3.1/thumb/v7-m/crtbegin.o

.rodata         0x0000000008010680     0x1468
                0x0000000008010680                . = ALIGN (0x4)
 *(.rodata)
 .rodata        0x0000000008010680       0x12 Drivers/STM32F1xx_HAL_Driver/Src/stm32f1xx_hal_rcc.o
 *fill*         0x0000000008010692        0x2 
 .rodata        0x0000000008010694       0x69 Src/main.o
 *fill*         0x00000000080106fd        0x3 
 .rodata        0x0000000008010700        0xa Src/ssd1306.o
 *fill*         0x000000000801070a        0x2 
 .rodata        0x000000000801070c       0x46 Src/usbd_desc.o
 *(.rodata*)
 *fill*         0x0000000008010752        0x2 
 .rodata.Font7x10
                0x0000000008010754      0x76c Src/fonts.o
                0x0000000008010754                Font7x10
 .rodata.bitExpand
                0x0000000008010ec0      0x400 Src/main.o
                0x0000000008010ec0                bitExpand
 .rodata.CH     0x00000000080112c0       0xb1 Src/main.o
                0x00000000080112c0                CH
 *fill*         0x0000000008011371        0x3 
 .rodata.ColumnArray
                0x0000000008011374       0xa8 Src/main.o
                0x0000000008011374                ColumnArray
 .rodata.Boot   0x000000000801141c      0x200 Src/main.o
                0x000000000801141c                Boot
 .rodata.tones  0x000000000801161c       0x18 Src/main.o
                0x000000000801161c                tones
 .rodata.tonedelay
                0x0000000008011634       0x18 Src/main.o
                0x0000000008011634                tonedelay
 .rodata.AHBPrescTable
                0x000000000801164c       0x10 Src/system_stm32f1xx.o
                0x000000000801164c                AHBPrescTable
 .rodata.APBPrescTable
                0x000000000801165c        0x8 Src/system_stm32f1xx.o
                0x000000000801165c                APBPrescTable
 .rodata._printf_float.str1.1
                0x0000000008011664       0x12 c:/st/stm32cubeide_1.0.1/stm32cubeide/plugins/com.st.stm32cube.ide.mcu.externaltools.gnu-tools-for-stm32.7-2018-q2-update.win32_1.0.0.201904181610/tools/bin/../lib/gcc/arm-none-eabi/7.3.1/../../../../arm-none-eabi/lib/thumb/v7-m\libc_nano.a(lib_a-nano-vfprintf_float.o)
 .rodata._printf_i.str1.1
                0x0000000008011676       0x22 c:/st/stm32cubeide_1.0.1/stm32cubeide/plugins/com.st.stm32cube.ide.mcu.externaltools.gnu-tools-for-stm32.7-2018-q2-update.win32_1.0.0.201904181610/tools/bin/../lib/gcc/arm-none-eabi/7.3.1/../../../../arm-none-eabi/lib/thumb/v7-m\libc_nano.a(lib_a-nano-vfprintf_i.o)
 .rodata._dtoa_r.str1.1
                0x0000000008011698        0xd c:/st/stm32cubeide_1.0.1/stm32cubeide/plugins/com.st.stm32cube.ide.mcu.externaltools.gnu-tools-for-stm32.7-2018-q2-update.win32_1.0.0.201904181610/tools/bin/../lib/gcc/arm-none-eabi/7.3.1/../../../../arm-none-eabi/lib/thumb/v7-m\libc_nano.a(lib_a-dtoa.o)
                                          0xf (size before relaxing)
 *fill*         0x00000000080116a5        0x3 
 .rodata.__mprec_bigtens
                0x00000000080116a8       0x28 c:/st/stm32cubeide_1.0.1/stm32cubeide/plugins/com.st.stm32cube.ide.mcu.externaltools.gnu-tools-for-stm32.7-2018-q2-update.win32_1.0.0.201904181610/tools/bin/../lib/gcc/arm-none-eabi/7.3.1/../../../../arm-none-eabi/lib/thumb/v7-m\libc_nano.a(lib_a-mprec.o)
                0x00000000080116a8                __mprec_bigtens
 .rodata.__mprec_tens
                0x00000000080116d0       0xc8 c:/st/stm32cubeide_1.0.1/stm32cubeide/plugins/com.st.stm32cube.ide.mcu.externaltools.gnu-tools-for-stm32.7-2018-q2-update.win32_1.0.0.201904181610/tools/bin/../lib/gcc/arm-none-eabi/7.3.1/../../../../arm-none-eabi/lib/thumb/v7-m\libc_nano.a(lib_a-mprec.o)
                0x00000000080116d0                __mprec_tens
 .rodata.p05.6084
                0x0000000008011798        0xc c:/st/stm32cubeide_1.0.1/stm32cubeide/plugins/com.st.stm32cube.ide.mcu.externaltools.gnu-tools-for-stm32.7-2018-q2-update.win32_1.0.0.201904181610/tools/bin/../lib/gcc/arm-none-eabi/7.3.1/../../../../arm-none-eabi/lib/thumb/v7-m\libc_nano.a(lib_a-mprec.o)
 .rodata._svfprintf_r.str1.1
                0x00000000080117a4       0x11 c:/st/stm32cubeide_1.0.1/stm32cubeide/plugins/com.st.stm32cube.ide.mcu.externaltools.gnu-tools-for-stm32.7-2018-q2-update.win32_1.0.0.201904181610/tools/bin/../lib/gcc/arm-none-eabi/7.3.1/../../../../arm-none-eabi/lib/thumb/v7-m\libc_nano.a(lib_a-nano-svfprintf.o)
 .rodata._setlocale_r.str1.1
                0x00000000080117b5        0x8 c:/st/stm32cubeide_1.0.1/stm32cubeide/plugins/com.st.stm32cube.ide.mcu.externaltools.gnu-tools-for-stm32.7-2018-q2-update.win32_1.0.0.201904181610/tools/bin/../lib/gcc/arm-none-eabi/7.3.1/../../../../arm-none-eabi/lib/thumb/v7-m\libc_nano.a(lib_a-locale.o)
                                          0x9 (size before relaxing)
 .rodata.str1.1
                0x00000000080117bd        0x2 c:/st/stm32cubeide_1.0.1/stm32cubeide/plugins/com.st.stm32cube.ide.mcu.externaltools.gnu-tools-for-stm32.7-2018-q2-update.win32_1.0.0.201904181610/tools/bin/../lib/gcc/arm-none-eabi/7.3.1/../../../../arm-none-eabi/lib/thumb/v7-m\libc_nano.a(lib_a-locale.o)
 .rodata._ctype_
                0x00000000080117bf      0x101 c:/st/stm32cubeide_1.0.1/stm32cubeide/plugins/com.st.stm32cube.ide.mcu.externaltools.gnu-tools-for-stm32.7-2018-q2-update.win32_1.0.0.201904181610/tools/bin/../lib/gcc/arm-none-eabi/7.3.1/../../../../arm-none-eabi/lib/thumb/v7-m\libc_nano.a(lib_a-ctype_.o)
                0x00000000080117bf                _ctype_
 .rodata.pow.str1.1
                0x00000000080118c0        0x4 c:/st/stm32cubeide_1.0.1/stm32cubeide/plugins/com.st.stm32cube.ide.mcu.externaltools.gnu-tools-for-stm32.7-2018-q2-update.win32_1.0.0.201904181610/tools/bin/../lib/gcc/arm-none-eabi/7.3.1/../../../../arm-none-eabi/lib/thumb/v7-m\libm.a(lib_a-w_pow.o)
 .rodata.sqrt.str1.1
                0x00000000080118c4        0x5 c:/st/stm32cubeide_1.0.1/stm32cubeide/plugins/com.st.stm32cube.ide.mcu.externaltools.gnu-tools-for-stm32.7-2018-q2-update.win32_1.0.0.201904181610/tools/bin/../lib/gcc/arm-none-eabi/7.3.1/../../../../arm-none-eabi/lib/thumb/v7-m\libm.a(lib_a-w_sqrt.o)
 .rodata.__ieee754_pow.str1.1
                0x00000000080118c9        0x1 c:/st/stm32cubeide_1.0.1/stm32cubeide/plugins/com.st.stm32cube.ide.mcu.externaltools.gnu-tools-for-stm32.7-2018-q2-update.win32_1.0.0.201904181610/tools/bin/../lib/gcc/arm-none-eabi/7.3.1/../../../../arm-none-eabi/lib/thumb/v7-m\libm.a(lib_a-e_pow.o)
 *fill*         0x00000000080118c9        0x7 
 .rodata.bp     0x00000000080118d0       0x10 c:/st/stm32cubeide_1.0.1/stm32cubeide/plugins/com.st.stm32cube.ide.mcu.externaltools.gnu-tools-for-stm32.7-2018-q2-update.win32_1.0.0.201904181610/tools/bin/../lib/gcc/arm-none-eabi/7.3.1/../../../../arm-none-eabi/lib/thumb/v7-m\libm.a(lib_a-e_pow.o)
 .rodata.dp_h   0x00000000080118e0       0x10 c:/st/stm32cubeide_1.0.1/stm32cubeide/plugins/com.st.stm32cube.ide.mcu.externaltools.gnu-tools-for-stm32.7-2018-q2-update.win32_1.0.0.201904181610/tools/bin/../lib/gcc/arm-none-eabi/7.3.1/../../../../arm-none-eabi/lib/thumb/v7-m\libm.a(lib_a-e_pow.o)
 .rodata.dp_l   0x00000000080118f0       0x10 c:/st/stm32cubeide_1.0.1/stm32cubeide/plugins/com.st.stm32cube.ide.mcu.externaltools.gnu-tools-for-stm32.7-2018-q2-update.win32_1.0.0.201904181610/tools/bin/../lib/gcc/arm-none-eabi/7.3.1/../../../../arm-none-eabi/lib/thumb/v7-m\libm.a(lib_a-e_pow.o)
 .rodata.npio2_hw
                0x0000000008011900       0x80 c:/st/stm32cubeide_1.0.1/stm32cubeide/plugins/com.st.stm32cube.ide.mcu.externaltools.gnu-tools-for-stm32.7-2018-q2-update.win32_1.0.0.201904181610/tools/bin/../lib/gcc/arm-none-eabi/7.3.1/../../../../arm-none-eabi/lib/thumb/v7-m\libm.a(lib_a-e_rem_pio2.o)
 .rodata.two_over_pi
                0x0000000008011980      0x108 c:/st/stm32cubeide_1.0.1/stm32cubeide/plugins/com.st.stm32cube.ide.mcu.externaltools.gnu-tools-for-stm32.7-2018-q2-update.win32_1.0.0.201904181610/tools/bin/../lib/gcc/arm-none-eabi/7.3.1/../../../../arm-none-eabi/lib/thumb/v7-m\libm.a(lib_a-e_rem_pio2.o)
 .rodata.PIo2   0x0000000008011a88       0x40 c:/st/stm32cubeide_1.0.1/stm32cubeide/plugins/com.st.stm32cube.ide.mcu.externaltools.gnu-tools-for-stm32.7-2018-q2-update.win32_1.0.0.201904181610/tools/bin/../lib/gcc/arm-none-eabi/7.3.1/../../../../arm-none-eabi/lib/thumb/v7-m\libm.a(lib_a-k_rem_pio2.o)
 .rodata.init_jk
                0x0000000008011ac8       0x10 c:/st/stm32cubeide_1.0.1/stm32cubeide/plugins/com.st.stm32cube.ide.mcu.externaltools.gnu-tools-for-stm32.7-2018-q2-update.win32_1.0.0.201904181610/tools/bin/../lib/gcc/arm-none-eabi/7.3.1/../../../../arm-none-eabi/lib/thumb/v7-m\libm.a(lib_a-k_rem_pio2.o)
 .rodata.TWO52  0x0000000008011ad8       0x10 c:/st/stm32cubeide_1.0.1/stm32cubeide/plugins/com.st.stm32cube.ide.mcu.externaltools.gnu-tools-for-stm32.7-2018-q2-update.win32_1.0.0.201904181610/tools/bin/../lib/gcc/arm-none-eabi/7.3.1/../../../../arm-none-eabi/lib/thumb/v7-m\libm.a(lib_a-s_rint.o)
                0x0000000008011ae8                . = ALIGN (0x4)

.rel.dyn        0x0000000008011ae8        0x0
 .rel.iplt      0x0000000008011ae8        0x0 c:/st/stm32cubeide_1.0.1/stm32cubeide/plugins/com.st.stm32cube.ide.mcu.externaltools.gnu-tools-for-stm32.7-2018-q2-update.win32_1.0.0.201904181610/tools/bin/../lib/gcc/arm-none-eabi/7.3.1/thumb/v7-m/crtbegin.o

.ARM.extab      0x0000000008011ae8        0x0