main.c:1466:6:getrand.constprop	16	static
main.c:1193:6:BlankScreen.constprop	4	static
main.c:514:6:SystemClock_Config	96	static
main.c:843:5:checkbuttons	16	static
main.c:849:5:checkUSBConnected	8	static
main.c:855:6:USBdataEnable	0	static
main.c:864:6:ComputeFFT	128	static
main.c:920:6:ComplexToMagnitude	32	static
main.c:927:9:Exponent	0	static
main.c:936:6:Swap	8	static
main.c:943:6:Windowing	80	static
main.c:997:8:sq	8	static
main.c:1003:10:read_adc	8	static
main.c:1012:10:read_bat_adc	16	static
main.c:1024:6:graphMAG	88	static
main.c:1054:6:updateLowHighThresh	4	static
main.c:1074:6:adjustVals	48	static
main.c:1088:10:audioMap	8	static
main.c:1097:6:graphMAG_ADJUSTED	88	static
main.c:1150:6:splash	40	static
main.c:1164:6:show	0	static
main.c:1170:6:setPixelColor	16	static
main.c:1178:10:getPixelColor	32	static
main.c:1193:6:BlankScreen	72	static
main.c:1201:6:rotateCCW	88	static
main.c:1222:6:HorizShiftR	64	static
main.c:1233:6:HorizShiftL	64	static
main.c:1260:6:printCharWithShiftL.part.1	40	static
main.c:1243:6:BlankColumn	24	static
main.c:1252:6:printStringWithShiftL	16	static
main.c:1260:6:printCharWithShiftL	0	static
main.c:1283:10:Color	0	static
main.c:1288:6:map	4	static
main.c:1292:5:randomNum	16	static
main.c:1299:6:sine1	48	static
main.c:1315:6:nGrid	176	dynamic
main.c:1373:6:nBalls	200	dynamic
main.c:278:5:main	152	static
main.c:1466:6:getrand	16	static
main.c:1506:6:Error_Handler	0	static
