ssd1306.c:674:6:ssd1306_I2C_WriteMulti.constprop	272	static
ssd1306.c:60:6:SSD1306_ScrollRight	48	static
ssd1306.c:73:6:SSD1306_ScrollLeft	48	static
ssd1306.c:86:6:SSD1306_Scrolldiagright	48	static
ssd1306.c:102:6:SSD1306_Scrolldiagleft	48	static
ssd1306.c:118:6:SSD1306_Stopscroll	24	static
ssd1306.c:125:6:SSD1306_InvertDisplay	24	static
ssd1306.c:134:6:SSD1306_DrawBitmap	64	static
ssd1306.c:164:9:SSD1306_Init	296	static
ssd1306.c:245:6:SSD1306_Puti	72	dynamic
ssd1306.c:253:6:SSD1306_Putf	72	dynamic
ssd1306.c:262:6:SSD1306_UpdateScreen	40	static
ssd1306.c:275:6:SSD1306_ToggleInvert	0	static
ssd1306.c:287:6:SSD1306_Fill	0	static
ssd1306.c:292:6:SSD1306_DrawPixel	8	static
ssd1306.c:314:6:SSD1306_GotoXY	0	static
ssd1306.c:320:6:SSD1306_Putc	56	static
ssd1306.c:351:6:SSD1306_Puts	64	static
ssd1306.c:369:6:SSD1306_DrawLine	48	static
ssd1306.c:453:6:SSD1306_DrawRectangle	32	static
ssd1306.c:478:6:SSD1306_DrawFilledRectangle	48	static
ssd1306.c:505:6:SSD1306_DrawTriangle	56	static
ssd1306.c:513:6:SSD1306_DrawFilledTriangle	88	static
ssd1306.c:569:6:SSD1306_DrawCircle	64	static
ssd1306.c:603:6:SSD1306_DrawFilledCircle	64	static
ssd1306.c:636:6:SSD1306_Clear	0	static
ssd1306.c:641:6:SSD1306_ON	40	static
ssd1306.c:646:6:SSD1306_OFF	40	static
ssd1306.c:662:6:ssd1306_I2C_Init	0	static
ssd1306.c:674:6:ssd1306_I2C_WriteMulti	288	static
ssd1306.c:684:6:ssd1306_I2C_Write	24	static
