main.c:276:5:main	72	static
main.c:512:6:SystemClock_Config	88	static
main.c:558:13:MX_ADC1_Init	24	static
main.c:603:13:MX_ADC2_Init	24	static
main.c:648:13:MX_I2C1_Init	8	static
main.c:682:13:MX_SPI2_Init	8	static
main.c:720:13:MX_TIM3_Init	32	static
main.c:763:13:MX_DMA_Init	16	static
main.c:781:13:MX_GPIO_Init	40	static
main.c:841:5:checkbuttons	24	static
main.c:847:5:checkUSBConnected	16	static
main.c:853:6:USBdataEnable	16	static
main.c:862:6:ComputeFFT	128	static
main.c:918:6:ComplexToMagnitude	48	static
main.c:925:9:Exponent	24	static
main.c:934:6:Swap	24	static
main.c:941:6:Windowing	64	static
main.c:995:8:sq	24	static
main.c:1001:10:read_adc	16	static
main.c:1010:6:adjustVals	32	static
main.c:1021:6:updateLowHighThresh	48	static
main.c:1037:10:read_bat_adc	16	static
main.c:1048:6:graphMAG	80	static
main.c:1077:6:splash	16	static
main.c:1091:6:show	8	static
main.c:1097:6:setPixelColor	32	static
main.c:1105:10:getPixelColor	48	static
main.c:1120:6:BlankScreen	24	static
main.c:1128:6:rotateCCW	56	static
main.c:1149:6:HorizShiftR	16	static
main.c:1160:6:HorizShiftL	16	static
main.c:1170:6:BlankColumn	24	static
main.c:1179:6:printStringWithShiftL	16	static
main.c:1187:6:printCharWithShiftL	32	static
main.c:1210:10:Color	16	static
main.c:1215:6:map	24	static
main.c:1219:5:randomNum	16	static
main.c:1226:6:sine1	24	static
main.c:1242:6:nGrid	192	dynamic
main.c:1300:6:nBalls	192	dynamic
main.c:1393:6:getrand	16	static
main.c:1433:6:Error_Handler	4	static
